Component: ARM Compiler 5.06 update 4 (build 422) Tool: armlink [4d35d2]

==============================================================================

Section Cross References

    startup_stm32f429_439xx.o(RESET) refers to startup_stm32f429_439xx.o(STACK) for __initial_sp
    startup_stm32f429_439xx.o(RESET) refers to startup_stm32f429_439xx.o(.text) for Reset_Handler
    startup_stm32f429_439xx.o(RESET) refers to stm32f4xx_it.o(.text) for NMI_Handler
    startup_stm32f429_439xx.o(RESET) refers to os_cpu_a.o(CODE) for OS_CPU_PendSVHandler
    startup_stm32f429_439xx.o(RESET) refers to os_cpu_c.o(.text) for OS_CPU_SysTickHandler
    startup_stm32f429_439xx.o(RESET) refers to tm_stm32f4_emwin.o(.text) for LTDC_IRQHandler
    startup_stm32f429_439xx.o(.text) refers to system_stm32f4xx.o(.text) for SystemInit
    startup_stm32f429_439xx.o(.text) refers to entry.o(.ARM.Collect$$$$00000000) for __main
    stm32f4xx_rcc.o(.text) refers to stm32f4xx_rcc.o(.data) for APBAHBPrescTable
    stm32f4xx_gpio.o(.text) refers to stm32f4xx_rcc.o(.text) for RCC_AHB1PeriphResetCmd
    stm32f4xx_adc.o(.text) refers to stm32f4xx_rcc.o(.text) for RCC_APB2PeriphResetCmd
    stm32f4xx_can.o(.text) refers to stm32f4xx_rcc.o(.text) for RCC_APB1PeriphResetCmd
    stm32f4xx_cryp.o(.text) refers to stm32f4xx_rcc.o(.text) for RCC_AHB2PeriphResetCmd
    stm32f4xx_cryp_aes.o(.text) refers to stm32f4xx_cryp.o(.text) for CRYP_KeyStructInit
    stm32f4xx_cryp_des.o(.text) refers to stm32f4xx_cryp.o(.text) for CRYP_KeyStructInit
    stm32f4xx_cryp_tdes.o(.text) refers to stm32f4xx_cryp.o(.text) for CRYP_KeyStructInit
    stm32f4xx_dac.o(.text) refers to stm32f4xx_rcc.o(.text) for RCC_APB1PeriphResetCmd
    stm32f4xx_dma2d.o(.text) refers to stm32f4xx_rcc.o(.text) for RCC_AHB1PeriphResetCmd
    stm32f4xx_fmc.o(.text) refers to stm32f4xx_fmc.o(.constdata) for FMC_DefaultTimingStruct
    stm32f4xx_hash.o(.text) refers to stm32f4xx_rcc.o(.text) for RCC_AHB2PeriphResetCmd
    stm32f4xx_hash_md5.o(.text) refers to stm32f4xx_hash.o(.text) for HASH_DeInit
    stm32f4xx_hash_sha1.o(.text) refers to stm32f4xx_hash.o(.text) for HASH_DeInit
    stm32f4xx_i2c.o(.text) refers to stm32f4xx_rcc.o(.text) for RCC_APB1PeriphResetCmd
    stm32f4xx_ltdc.o(.text) refers to stm32f4xx_rcc.o(.text) for RCC_APB2PeriphResetCmd
    stm32f4xx_pwr.o(.text) refers to stm32f4xx_rcc.o(.text) for RCC_APB1PeriphResetCmd
    stm32f4xx_rng.o(.text) refers to stm32f4xx_rcc.o(.text) for RCC_AHB2PeriphResetCmd
    stm32f4xx_sai.o(.text) refers to stm32f4xx_rcc.o(.text) for RCC_APB2PeriphResetCmd
    stm32f4xx_sdio.o(.text) refers to stm32f4xx_rcc.o(.text) for RCC_APB2PeriphResetCmd
    stm32f4xx_spi.o(.text) refers to stm32f4xx_rcc.o(.text) for RCC_APB2PeriphResetCmd
    stm32f4xx_syscfg.o(.text) refers to stm32f4xx_rcc.o(.text) for RCC_APB2PeriphResetCmd
    stm32f4xx_tim.o(.text) refers to stm32f4xx_rcc.o(.text) for RCC_APB2PeriphResetCmd
    stm32f4xx_usart.o(.text) refers to stm32f4xx_rcc.o(.text) for RCC_APB2PeriphResetCmd
    stm32f4xx_wwdg.o(.text) refers to stm32f4xx_rcc.o(.text) for RCC_APB1PeriphResetCmd
    tm_stm32f4_delay.o(.text) refers (Weak) to main.o(.text) for TM_DELAY_1msHandler
    tm_stm32f4_delay.o(.text) refers to malloc.o(i.malloc) for malloc
    tm_stm32f4_delay.o(.text) refers to malloc.o(i.free) for free
    tm_stm32f4_delay.o(.text) refers to tm_stm32f4_delay.o(.data) for TM_Time
    tm_stm32f4_delay.o(.text) refers to tm_stm32f4_delay.o(.bss) for CustomTimers
    tm_stm32f4_delay.o(.text) refers to system_stm32f4xx.o(.data) for SystemCoreClock
    tm_stm32f4_disco.o(.text) refers to tm_stm32f4_gpio.o(.text) for TM_GPIO_Init
    tm_stm32f4_disco.o(.text) refers to tm_stm32f4_disco.o(.data) for TM_INT_DISCO_ButtonPressed
    tm_stm32f4_gpio.o(.text) refers to tm_stm32f4_gpio.o(.bss) for GPIO_UsedPins
    tm_stm32f4_emwin.o(.text) refers to stm32f4xx_rcc.o(.text) for RCC_AHB1PeriphClockCmd
    tm_stm32f4_emwin.o(.text) refers to tm_stm32f4_delay.o(.text) for TM_DELAY_Init
    tm_stm32f4_emwin.o(.text) refers to tm_stm32f4_ili9341_ltdc.o(.text) for TM_ILI9341_Init
    tm_stm32f4_emwin.o(.text) refers to tm_stm32f4_stmpe811.o(.text) for TM_STMPE811_Init
    tm_stm32f4_emwin.o(.text) refers to gui_core.o(i.GUI_Init) for GUI_Init
    tm_stm32f4_emwin.o(.text) refers to gui_exec.o(i.GUI_Exec) for GUI_Exec
    tm_stm32f4_emwin.o(.text) refers to gui_touch.o(i.GUI_TOUCH_StoreStateEx) for GUI_TOUCH_StoreStateEx
    tm_stm32f4_emwin.o(.text) refers to guidrv_stm32f429i_discovery.o(.text) for LTDC_ISR_Handler
    tm_stm32f4_emwin.o(.text) refers to tm_stm32f4_emwin.o(.data) for TS_Data
    tm_stm32f4_emwin.o(.text) refers to tm_stm32f4_emwin.o(.bss) for TS_State
    tm_stm32f4_fonts.o(.text) refers to strlen.o(.text) for strlen
    tm_stm32f4_fonts.o(.data) refers to tm_stm32f4_fonts.o(.constdata) for TM_Font7x10
    tm_stm32f4_i2c.o(.text) refers to tm_stm32f4_gpio.o(.text) for TM_GPIO_InitAlternate
[...]
    0x08018734   0x00000004   Code   RO         2238    i._GetIndexMask_8666  STemWin522_CM4_Keil.lib(guicc_8666.o)
    0x08018738   0x00000006   Code   RO         2245    i._GetIndexMask_88666I  STemWin522_CM4_Keil.lib(guicc_88666i.o)
    0x0801873e   0x00000006   Code   RO         3920    i._GetIndexMask_8888  STemWin522_CM4_Keil.lib(guicc_8888.o)
    0x08018744   0x00000006   Code   RO         2257    i._GetIndexMask_M1555I  STemWin522_CM4_Keil.lib(guicc_m1555i.o)
    0x0801874a   0x00000006   Code   RO         2271    i._GetIndexMask_M4444I  STemWin522_CM4_Keil.lib(guicc_m4444i.o)
    0x08018750   0x00000006   Code   RO         2285    i._GetIndexMask_M565  STemWin522_CM4_Keil.lib(guicc_m565.o)
    0x08018756   0x00000006   Code   RO         2527    i._GetIndexMask_M888  STemWin522_CM4_Keil.lib(guicc_m888.o)
    0x0801875c   0x00000006   Code   RO         2297    i._GetIndexMask_M8888I  STemWin522_CM4_Keil.lib(guicc_m8888i.o)
    0x08018762   0x0000001e   Code   RO         2627    i._GetMaxValue      STemWin522_CM4_Keil.lib(lcd_getex.o)
    0x08018780   0x0000001c   Code   RO         2354    i._GetMinIndex      STemWin522_CM4_Keil.lib(gui_alloc.o)
    0x0801879c   0x00000010   Code   RO         2730    i._GetPixelIndex    STemWin522_CM4_Keil.lib(guidrv_lin_16.o)
    0x080187ac   0x0000000e   Code   RO         3489    i._GetPixelIndex    STemWin522_CM4_Keil.lib(guidev_16.o)
    0x080187ba   0x0000000e   Code   RO         4040    i._GetPixelIndex    STemWin522_CM4_Keil.lib(guidev_32.o)
    0x080187c8   0x0000001c   Code   RO         2731    i._GetPos           STemWin522_CM4_Keil.lib(guidrv_lin_16.o)
    0x080187e4   0x00000016   Code   RO         2732    i._GetRect          STemWin522_CM4_Keil.lib(guidrv_lin_16.o)
    0x080187fa   0x00000030   Code   RO         3490    i._GetRect          STemWin522_CM4_Keil.lib(guidev_16.o)
    0x0801882a   0x00000030   Code   RO         4041    i._GetRect          STemWin522_CM4_Keil.lib(guidev_32.o)
    0x0801885a   0x00000002   PAD
    0x0801885c   0x00000010   Code   RO         3245    i._GotoX            STemWin522_CM4_Keil.lib(gui_goto.o)
    0x0801886c   0x00000010   Code   RO         3246    i._GotoY            STemWin522_CM4_Keil.lib(gui_goto.o)
    0x0801887c   0x0000001c   Code   RO         2485    i._IncPointer       STemWin522_CM4_Keil.lib(gui_onkey.o)
    0x08018898   0x00000014   Code   RO         3262    i._IncPointer       STemWin522_CM4_Keil.lib(gui_pid.o)
    0x080188ac   0x00000006   Code   RO         2486    i._IncReadPointer   STemWin522_CM4_Keil.lib(gui_onkey.o)
    0x080188b2   0x00000002   PAD
    0x080188b4   0x00000058   Code   RO         2286    i._Index2ColorBulk  STemWin522_CM4_Keil.lib(guicc_m565.o)
    0x0801890c   0x00000034   Code   RO         2528    i._Index2ColorBulk  STemWin522_CM4_Keil.lib(guicc_m888.o)
    0x08018940   0x0000000e   Code   RO         3921    i._Index2ColorBulk  STemWin522_CM4_Keil.lib(guicc_8888.o)
    0x0801894e   0x00000002   PAD
    0x08018950   0x0000004c   Code   RO         2228    i._Index2ColorBulk_1616I  STemWin522_CM4_Keil.lib(guicc_1616i.o)
    0x0801899c   0x00000044   Code   RO         2246    i._Index2ColorBulk_88666I  STemWin522_CM4_Keil.lib(guicc_88666i.o)
    0x080189e0   0x0000005c   Code   RO         2258    i._Index2ColorBulk_M1555I  STemWin522_CM4_Keil.lib(guicc_m1555i.o)
    0x08018a3c   0x0000005c   Code   RO         2272    i._Index2ColorBulk_M4444I  STemWin522_CM4_Keil.lib(guicc_m4444i.o)
    0x08018a98   0x00000044   Code   RO         2298    i._Index2ColorBulk_M8888I  STemWin522_CM4_Keil.lib(guicc_m8888i.o)
    0x08018adc   0x00000020   Code   RO         3324    i._Index2Color_0    STemWin522_CM4_Keil.lib(guicc_0.o)
    0x08018afc   0x00000036   Code   RO         3188    i._Index2Color_16   STemWin522_CM4_Keil.lib(guicc_16.o)
    0x08018b32   0x00000002   PAD
    0x08018b34   0x00000028   Code   RO         2229    i._Index2Color_1616I  STemWin522_CM4_Keil.lib(guicc_1616i.o)
    0x08018b5c   0x00000020   Code   RO         2247    i._Index2Color_88666I  STemWin522_CM4_Keil.lib(guicc_88666i.o)
    0x08018b7c   0x00000030   Code   RO         2259    i._Index2Color_M1555I  STemWin522_CM4_Keil.lib(guicc_m1555i.o)
    0x08018bac   0x00000030   Code   RO         2273    i._Index2Color_M4444I  STemWin522_CM4_Keil.lib(guicc_m4444i.o)
    0x08018bdc   0x00000020   Code   RO         2299    i._Index2Color_M8888I  STemWin522_CM4_Keil.lib(guicc_m8888i.o)
    0x08018bfc   0x00000018   Code   RO         2733    i._Init             STemWin522_CM4_Keil.lib(guidrv_lin_16.o)
    0x08018c14   0x00000070   Code   RO         2407    i._InitContext      STemWin522_CM4_Keil.lib(gui_core.o)
    0x08018c84   0x000000a4   Code   RO         2355    i._InitOnce         STemWin522_CM4_Keil.lib(gui_alloc.o)
    0x08018d28   0x00000024   Code   RO         2734    i._InitOnce         STemWin522_CM4_Keil.lib(guidrv_lin_16.o)
    0x08018d4c   0x00000080   Code   RO         3120    i._Invalidate1Abs   STemWin522_CM4_Keil.lib(wm.o)
    0x08018dcc   0x00000002   Code   RO         3725    i._Log2VisBuffered  STemWin522_CM4_Keil.lib(gui_charline.o)
    0x08018dce   0x00000008   Code   RO         3514    i._Min              STemWin522_CM4_Keil.lib(guidev_banding.o)
    0x08018dd6   0x0000006e   Code   RO         4386    i._MoveDescendents  STemWin522_CM4_Keil.lib(wm_move.o)
    0x08018e44   0x0000000a   Code   RO         2735    i._Off              STemWin522_CM4_Keil.lib(guidrv_lin_16.o)
    0x08018e4e   0x0000000a   Code   RO         2736    i._On               STemWin522_CM4_Keil.lib(guidrv_lin_16.o)
    0x08018e58   0x0000002c   Code   RO         3011    i._OnButtonPressed  STemWin522_CM4_Keil.lib(button.o)
    0x08018e84   0x0000003a   Code   RO         3012    i._OnButtonReleased  STemWin522_CM4_Keil.lib(button.o)
    0x08018ebe   0x00000002   PAD
    0x08018ec0   0x00000028   Code   RO         2317    i._OnExit           STemWin522_CM4_Keil.lib(gui__alpha.o)
    0x08018ee8   0x00000034   Code   RO         2356    i._OnExit           STemWin522_CM4_Keil.lib(gui_alloc.o)
    0x08018f1c   0x0000002c   Code   RO         2408    i._OnExit           STemWin522_CM4_Keil.lib(gui_core.o)
    0x08018f48   0x00000014   Code   RO         2580    i._OnExit           STemWin522_CM4_Keil.lib(lcd_color.o)
    0x08018f5c   0x00000034   Code   RO         3121    i._OnExit           STemWin522_CM4_Keil.lib(wm.o)
    0x08018f90   0x00000040   Code   RO         3014    i._OnTouchDefault   STemWin522_CM4_Keil.lib(button.o)
    0x08018fd0   0x0000014e   Code   RO         3543    i._Paint            STemWin522_CM4_Keil.lib(button_skinclassic.o)
    0x0801911e   0x0000010c   Code   RO         3553    i._Paint            STemWin522_CM4_Keil.lib(progbar_skinclassic.o)
    0x0801922a   0x00000002   PAD
    0x0801922c   0x00000024   Code   RO         3122    i._Paint1           STemWin522_CM4_Keil.lib(wm.o)
    0x08019250   0x0000008c   Code   RO         3123    i._Paint1Trans      STemWin522_CM4_Keil.lib(wm.o)
    0x080192dc   0x0000009a   Code   RO         3124    i._PaintTransChildren  STemWin522_CM4_Keil.lib(wm.o)
    0x08019376   0x00000002   PAD
    0x08019378   0x00000040   Code   RO         2357    i._PopFreeBlock     STemWin522_CM4_Keil.lib(gui_alloc.o)
    0x080193b8   0x00000024   Code   RO         2358    i._PushFreeBlock    STemWin522_CM4_Keil.lib(gui_alloc.o)
    0x080193dc   0x00000030   Code   RO         2737    i._ReadRect         STemWin522_CM4_Keil.lib(guidrv_lin_16.o)
    0x0801940c   0x0000001c   Code   RO         4285    i._ReleaseBuffer    STemWin522_CM4_Keil.lib(gui_sprite.o)
    0x08019428   0x00000034   Code   RO         2359    i._RemoveFreeBlock  STemWin522_CM4_Keil.lib(gui_alloc.o)
    0x0801945c   0x0000005c   Code   RO         3897    i._RemoveFromLinList  STemWin522_CM4_Keil.lib(gui_timer.o)
    0x080194b8   0x000000a0   Code   RO         2360    i._RemoveHoles      STemWin522_CM4_Keil.lib(gui_alloc.o)
    0x08019558   0x0000005a   Code   RO         4207    i._Screen2hWin      STemWin522_CM4_Keil.lib(wm_screen2win.o)
    0x080195b2   0x00000002   PAD
    0x080195b4   0x00000024   Code   RO         4208    i._Screen2hWinStop  STemWin522_CM4_Keil.lib(wm_screen2win.o)
    0x080195d8   0x00000026   Code   RO         2738    i._SetAlpha         STemWin522_CM4_Keil.lib(guidrv_lin_16.o)
    0x080195fe   0x00000010   Code   RO         2739    i._SetAlphaMode     STemWin522_CM4_Keil.lib(guidrv_lin_16.o)
    0x0801960e   0x00000002   PAD
    0x08019610   0x00000020   Code   RO         2550    i._SetBkColor       STemWin522_CM4_Keil.lib(lcd.o)
    0x08019630   0x00000012   Code   RO         2740    i._SetChroma        STemWin522_CM4_Keil.lib(guidrv_lin_16.o)
    0x08019642   0x00000010   Code   RO         2741    i._SetChromaMode    STemWin522_CM4_Keil.lib(guidrv_lin_16.o)
    0x08019652   0x00000002   PAD
    0x08019654   0x0000004c   Code   RO         3125    i._SetClipRectUserIntersect  STemWin522_CM4_Keil.lib(wm.o)
    0x080196a0   0x00000020   Code   RO         2551    i._SetColor         STemWin522_CM4_Keil.lib(lcd.o)
    0x080196c0   0x00000044   Code   RO         2742    i._SetDevFunc       STemWin522_CM4_Keil.lib(guidrv_lin_16.o)
    0x08019704   0x0000002c   Code   RO         2552    i._SetDrawMode      STemWin522_CM4_Keil.lib(lcd.o)
    0x08019730   0x000000a4   Code   RO         2743    i._SetOrg           STemWin522_CM4_Keil.lib(guidrv_lin_16.o)
    0x080197d4   0x00000008   Code   RO         3491    i._SetOrg           STemWin522_CM4_Keil.lib(guidev_16.o)
    0x080197dc   0x00000008   Code   RO         4042    i._SetOrg           STemWin522_CM4_Keil.lib(guidev_32.o)
    0x080197e4   0x00000012   Code   RO         2744    i._SetPixelIndex    STemWin522_CM4_Keil.lib(guidrv_lin_16.o)
    0x080197f6   0x00000002   PAD
    0x080197f8   0x00000048   Code   RO         3492    i._SetPixelIndex    STemWin522_CM4_Keil.lib(guidev_16.o)
    0x08019840   0x00000048   Code   RO         4043    i._SetPixelIndex    STemWin522_CM4_Keil.lib(guidev_32.o)
    0x08019888   0x0000002e   Code   RO         2745    i._SetPos           STemWin522_CM4_Keil.lib(guidrv_lin_16.o)
    0x080198b6   0x00000002   PAD
    0x080198b8   0x000002ac   Code   RO         4290    i._SetPosition      STemWin522_CM4_Keil.lib(gui_sprite.o)
    0x08019b64   0x00000044   Code   RO         2746    i._SetSize          STemWin522_CM4_Keil.lib(guidrv_lin_16.o)
    0x08019ba8   0x0000004a   Code   RO         4291    i._SetSpriteBkPixel  STemWin522_CM4_Keil.lib(gui_sprite.o)
    0x08019bf2   0x00000028   Code   RO         2747    i._SetVRAMAddr      STemWin522_CM4_Keil.lib(guidrv_lin_16.o)
    0x08019c1a   0x0000002a   Code   RO         2748    i._SetVSize         STemWin522_CM4_Keil.lib(guidrv_lin_16.o)
    0x08019c44   0x0000002c   Code   RO         3057    i._SetValue         STemWin522_CM4_Keil.lib(progbar.o)
    0x08019c70   0x00000026   Code   RO         2749    i._SetVis           STemWin522_CM4_Keil.lib(guidrv_lin_16.o)
    0x08019c96   0x00000024   Code   RO         2750    i._ShowBuffer       STemWin522_CM4_Keil.lib(guidrv_lin_16.o)
    0x08019cba   0x00000002   PAD
    0x08019cbc   0x00000058   Code   RO         3263    i._StoreState       STemWin522_CM4_Keil.lib(gui_pid.o)
    0x08019d14   0x000000ea   Code   RO         2361    i._TestRAM          STemWin522_CM4_Keil.lib(gui_alloc.o)
    0x08019dfe   0x00000002   PAD
    0x08019e00   0x00000050   Code   RO         3898    i._Unlink           STemWin522_CM4_Keil.lib(gui_timer.o)
    0x08019e50   0x00000030   Code   RO         2437    i._UnlinkDevice     STemWin522_CM4_Keil.lib(gui_device.o)
    0x08019e80   0x0000000e   Code   RO         2362    i._WriteTagData     STemWin522_CM4_Keil.lib(gui_alloc.o)
    0x08019e8e   0x00000002   PAD
    0x08019e90   0x00000330   Code   RO         4107    i._WriteToActiveOpaque_8  STemWin522_CM4_Keil.lib(guidev_writetoactiveopaque.o)
    0x0801a1c0   0x000002f8   Code   RO         4108    i._WriteToActiveOpaque_HT  STemWin522_CM4_Keil.lib(guidev_writetoactiveopaque.o)
    0x0801a4b8   0x0000003c   Code   RO         3493    i._XY2PTR           STemWin522_CM4_Keil.lib(guidev_16.o)
    0x0801a4f4   0x0000003c   Code   RO         4044    i._XY2PTR           STemWin522_CM4_Keil.lib(guidev_32.o)
    0x0801a530   0x00000028   Code   RO         2751    i._XorPixel         STemWin522_CM4_Keil.lib(guidrv_lin_16.o)
    0x0801a558   0x00000054   Code   RO         3494    i._XorPixel         STemWin522_CM4_Keil.lib(guidev_16.o)
    0x0801a5ac   0x00000058   Code   RO         4045    i._XorPixel         STemWin522_CM4_Keil.lib(guidev_32.o)
    0x0801a604   0x0000000e   Code   RO         4498    i.__scatterload_copy  mc_w.l(handlers.o)
    0x0801a612   0x00000002   Code   RO         4499    i.__scatterload_null  mc_w.l(handlers.o)
    0x0801a614   0x0000000e   Code   RO         4500    i.__scatterload_zeroinit  mc_w.l(handlers.o)
    0x0801a622   0x00000004   Code   RO         4171    i._cbInvalidateOne  STemWin522_CM4_Keil.lib(wm_bringtotop.o)
    0x0801a626   0x00000002   PAD
    0x0801a628   0x00000044   Code   RO         3126    i._cbPaintMemDev    STemWin522_CM4_Keil.lib(wm.o)
    0x0801a66c   0x00000050   Code   RO         3127    i.cbBackWin         STemWin522_CM4_Keil.lib(wm.o)
    0x0801a6bc   0x0000008a   Code   RO         2553    i.emWin_LCD_Init    STemWin522_CM4_Keil.lib(lcd.o)
    0x0801a746   0x00000002   PAD
    0x0801a748   0x00000050   Code   RO         4446    i.free              mc_w.l(malloc.o)
    0x0801a798   0x0000006c   Code   RO         4447    i.malloc            mc_w.l(malloc.o)
    0x0801a804   0x0000001c   Data   RO          565    .constdata          stm32f4xx_fmc.o
    0x0801a820   0x00000008   Data   RO         1473    .constdata          guidrv_stm32f429i_discovery.o
    0x0801a828   0x00000104   Data   RO         1754    .constdata          cpu_core.o
    0x0801a92c   0x00000094   Data   RO         1853    .constdata          lib_str.o
    0x0801a9c0   0x00000094   Data   RO         1902    .constdata          os_cfg_app.o
    0x0801aa54   0x0000016c   Data   RO         1936    .constdata          os_dbg.o
    0x0801abc0   0x00000018   Data   RO         2230    .constdata          STemWin522_CM4_Keil.lib(guicc_1616i.o)
    0x0801abd8   0x00000018   Data   RO         2239    .constdata          STemWin522_CM4_Keil.lib(guicc_8666.o)
    0x0801abf0   0x00000018   Data   RO         2248    .constdata          STemWin522_CM4_Keil.lib(guicc_88666i.o)
    0x0801ac08   0x00000018   Data   RO         2260    .constdata          STemWin522_CM4_Keil.lib(guicc_m1555i.o)
    0x0801ac20   0x00000018   Data   RO         2274    .constdata          STemWin522_CM4_Keil.lib(guicc_m4444i.o)
    0x0801ac38   0x00000018   Data   RO         2287    .constdata          STemWin522_CM4_Keil.lib(guicc_m565.o)
    0x0801ac50   0x00000018   Data   RO         2300    .constdata          STemWin522_CM4_Keil.lib(guicc_m8888i.o)
    0x0801ac68   0x00000008   Data   RO         2410    .constdata          STemWin522_CM4_Keil.lib(gui_core.o)
    0x0801ac70   0x00000018   Data   RO         2529    .constdata          STemWin522_CM4_Keil.lib(guicc_m888.o)
    0x0801ac88   0x0000000c   Data   RO         2554    .constdata          STemWin522_CM4_Keil.lib(lcd.o)
    0x0801ac94   0x00000034   Data   RO         2752    .constdata          STemWin522_CM4_Keil.lib(guidrv_lin_16.o)
    0x0801acc8   0x0000000d   Data   RO         2788    .constdata          STemWin522_CM4_Keil.lib(f13hb_ascii.o)
    0x0801acd5   0x0000000d   Data   RO         2789    .constdata          STemWin522_CM4_Keil.lib(f13hb_ascii.o)
    0x0801ace2   0x0000000d   Data   RO         2790    .constdata          STemWin522_CM4_Keil.lib(f13hb_ascii.o)
    0x0801acef   0x0000001a   Data   RO         2791    .constdata          STemWin522_CM4_Keil.lib(f13hb_ascii.o)
    0x0801ad09   0x0000000d   Data   RO         2792    .constdata          STemWin522_CM4_Keil.lib(f13hb_ascii.o)
    0x0801ad16   0x0000001a   Data   RO         2793    .constdata          STemWin522_CM4_Keil.lib(f13hb_ascii.o)
    0x0801ad30   0x0000001a   Data   RO         2794    .constdata          STemWin522_CM4_Keil.lib(f13hb_ascii.o)
    0x0801ad4a   0x0000000d   Data   RO         2795    .constdata          STemWin522_CM4_Keil.lib(f13hb_ascii.o)
    0x0801ad57   0x0000000d   Data   RO         2796    .constdata          STemWin522_CM4_Keil.lib(f13hb_ascii.o)
    0x0801ad64   0x0000000d   Data   RO         2797    .constdata          STemWin522_CM4_Keil.lib(f13hb_ascii.o)
    0x0801ad71   0x0000000d   Data   RO         2798    .constdata          STemWin522_CM4_Keil.lib(f13hb_ascii.o)
    0x0801ad7e   0x0000001a   Data   RO         2799    .constdata          STemWin522_CM4_Keil.lib(f13hb_ascii.o)
    0x0801ad98   0x0000000d   Data   RO         2800    .constdata          STemWin522_CM4_Keil.lib(f13hb_ascii.o)
    0x0801ada5   0x0000000d   Data   RO         2801    .constdata          STemWin522_CM4_Keil.lib(f13hb_ascii.o)
    0x0801adb2   0x0000000d   Data   RO         2802    .constdata          STemWin522_CM4_Keil.lib(f13hb_ascii.o)
    0x0801adbf   0x0000000d   Data   RO         2803    .constdata          STemWin522_CM4_Keil.lib(f13hb_ascii.o)
    0x0801adcc   0x0000000d   Data   RO         2804    .constdata          STemWin522_CM4_Keil.lib(f13hb_ascii.o)
    0x0801add9   0x0000000d   Data   RO         2805    .constdata          STemWin522_CM4_Keil.lib(f13hb_ascii.o)
    0x0801ade6   0x0000000d   Data   RO         2806    .constdata          STemWin522_CM4_Keil.lib(f13hb_ascii.o)
    0x0801adf3   0x0000000d   Data   RO         2807    .constdata          STemWin522_CM4_Keil.lib(f13hb_ascii.o)
    0x0801ae00   0x0000000d   Data   RO         2808    .constdata          STemWin522_CM4_Keil.lib(f13hb_ascii.o)
    0x0801ae0d   0x0000000d   Data   RO         2809    .constdata          STemWin522_CM4_Keil.lib(f13hb_ascii.o)
    0x0801ae1a   0x0000000d   Data   RO         2810    .constdata          STemWin522_CM4_Keil.lib(f13hb_ascii.o)
    0x0801ae27   0x0000000d   Data   RO         2811    .constdata          STemWin522_CM4_Keil.lib(f13hb_ascii.o)
    0x0801ae34   0x0000000d   Data   RO         2812    .constdata          STemWin522_CM4_Keil.lib(f13hb_ascii.o)
    0x0801ae41   0x0000000d   Data   RO         2813    .constdata          STemWin522_CM4_Keil.lib(f13hb_ascii.o)
    0x0801ae4e   0x0000000d   Data   RO         2814    .constdata          STemWin522_CM4_Keil.lib(f13hb_ascii.o)
    0x0801ae5b   0x0000000d   Data   RO         2815    .constdata          STemWin522_CM4_Keil.lib(f13hb_ascii.o)
    0x0801ae68   0x0000001a   Data   RO         2816    .constdata          STemWin522_CM4_Keil.lib(f13hb_ascii.o)
    0x0801ae82   0x0000001a   Data   RO         2817    .constdata          STemWin522_CM4_Keil.lib(f13hb_ascii.o)
    0x0801ae9c   0x0000001a   Data   RO         2818    .constdata          STemWin522_CM4_Keil.lib(f13hb_ascii.o)
    0x0801aeb6   0x0000000d   Data   RO         2819    .constdata          STemWin522_CM4_Keil.lib(f13hb_ascii.o)
    0x0801aec3   0x0000001a   Data   RO         2820    .constdata          STemWin522_CM4_Keil.lib(f13hb_ascii.o)
    0x0801aedd   0x0000001a   Data   RO         2821    .constdata          STemWin522_CM4_Keil.lib(f13hb_ascii.o)
    0x0801aef7   0x0000000d   Data   RO         2822    .constdata          STemWin522_CM4_Keil.lib(f13hb_ascii.o)
    0x0801af04   0x0000000d   Data   RO         2823    .constdata          STemWin522_CM4_Keil.lib(f13hb_ascii.o)
    0x0801af11   0x0000001a   Data   RO         2824    .constdata          STemWin522_CM4_Keil.lib(f13hb_ascii.o)
    0x0801af2b   0x0000000d   Data   RO         2825    .constdata          STemWin522_CM4_Keil.lib(f13hb_ascii.o)
    0x0801af38   0x0000000d   Data   RO         2826    .constdata          STemWin522_CM4_Keil.lib(f13hb_ascii.o)
    0x0801af45   0x0000000d   Data   RO         2827    .constdata          STemWin522_CM4_Keil.lib(f13hb_ascii.o)
    0x0801af52   0x0000001a   Data   RO         2828    .constdata          STemWin522_CM4_Keil.lib(f13hb_ascii.o)
    0x0801af6c   0x0000000d   Data   RO         2829    .constdata          STemWin522_CM4_Keil.lib(f13hb_ascii.o)
    0x0801af79   0x0000000d   Data   RO         2830    .constdata          STemWin522_CM4_Keil.lib(f13hb_ascii.o)
    0x0801af86   0x0000000d   Data   RO         2831    .constdata          STemWin522_CM4_Keil.lib(f13hb_ascii.o)
    0x0801af93   0x0000000d   Data   RO         2832    .constdata          STemWin522_CM4_Keil.lib(f13hb_ascii.o)
    0x0801afa0   0x0000001a   Data   RO         2833    .constdata          STemWin522_CM4_Keil.lib(f13hb_ascii.o)
    0x0801afba   0x0000000d   Data   RO         2834    .constdata          STemWin522_CM4_Keil.lib(f13hb_ascii.o)
    0x0801afc7   0x0000001a   Data   RO         2835    .constdata          STemWin522_CM4_Keil.lib(f13hb_ascii.o)
    0x0801afe1   0x0000000d   Data   RO         2836    .constdata          STemWin522_CM4_Keil.lib(f13hb_ascii.o)
    0x0801afee   0x0000001a   Data   RO         2837    .constdata          STemWin522_CM4_Keil.lib(f13hb_ascii.o)
    0x0801b008   0x0000001a   Data   RO         2838    .constdata          STemWin522_CM4_Keil.lib(f13hb_ascii.o)
    0x0801b022   0x0000000d   Data   RO         2839    .constdata          STemWin522_CM4_Keil.lib(f13hb_ascii.o)
    0x0801b02f   0x0000000d   Data   RO         2840    .constdata          STemWin522_CM4_Keil.lib(f13hb_ascii.o)
    0x0801b03c   0x0000000d   Data   RO         2841    .constdata          STemWin522_CM4_Keil.lib(f13hb_ascii.o)
    0x0801b049   0x0000001a   Data   RO         2842    .constdata          STemWin522_CM4_Keil.lib(f13hb_ascii.o)
    0x0801b063   0x0000001a   Data   RO         2843    .constdata          STemWin522_CM4_Keil.lib(f13hb_ascii.o)
    0x0801b07d   0x0000001a   Data   RO         2844    .constdata          STemWin522_CM4_Keil.lib(f13hb_ascii.o)
    0x0801b097   0x0000001a   Data   RO         2845    .constdata          STemWin522_CM4_Keil.lib(f13hb_ascii.o)
    0x0801b0b1   0x0000000d   Data   RO         2846    .constdata          STemWin522_CM4_Keil.lib(f13hb_ascii.o)
    0x0801b0be   0x0000000d   Data   RO         2847    .constdata          STemWin522_CM4_Keil.lib(f13hb_ascii.o)
    0x0801b0cb   0x0000000d   Data   RO         2848    .constdata          STemWin522_CM4_Keil.lib(f13hb_ascii.o)
    0x0801b0d8   0x0000000d   Data   RO         2849    .constdata          STemWin522_CM4_Keil.lib(f13hb_ascii.o)
    0x0801b0e5   0x0000001a   Data   RO         2850    .constdata          STemWin522_CM4_Keil.lib(f13hb_ascii.o)
    0x0801b0ff   0x0000000d   Data   RO         2851    .constdata          STemWin522_CM4_Keil.lib(f13hb_ascii.o)
    0x0801b10c   0x0000000d   Data   RO         2852    .constdata          STemWin522_CM4_Keil.lib(f13hb_ascii.o)
    0x0801b119   0x0000000d   Data   RO         2853    .constdata          STemWin522_CM4_Keil.lib(f13hb_ascii.o)
    0x0801b126   0x0000000d   Data   RO         2854    .constdata          STemWin522_CM4_Keil.lib(f13hb_ascii.o)
    0x0801b133   0x0000000d   Data   RO         2855    .constdata          STemWin522_CM4_Keil.lib(f13hb_ascii.o)
    0x0801b140   0x0000000d   Data   RO         2856    .constdata          STemWin522_CM4_Keil.lib(f13hb_ascii.o)
    0x0801b14d   0x0000000d   Data   RO         2857    .constdata          STemWin522_CM4_Keil.lib(f13hb_ascii.o)
    0x0801b15a   0x0000000d   Data   RO         2858    .constdata          STemWin522_CM4_Keil.lib(f13hb_ascii.o)
    0x0801b167   0x0000000d   Data   RO         2859    .constdata          STemWin522_CM4_Keil.lib(f13hb_ascii.o)
    0x0801b174   0x0000000d   Data   RO         2860    .constdata          STemWin522_CM4_Keil.lib(f13hb_ascii.o)
    0x0801b181   0x0000000d   Data   RO         2861    .constdata          STemWin522_CM4_Keil.lib(f13hb_ascii.o)
    0x0801b18e   0x0000000d   Data   RO         2862    .constdata          STemWin522_CM4_Keil.lib(f13hb_ascii.o)
    0x0801b19b   0x0000000d   Data   RO         2863    .constdata          STemWin522_CM4_Keil.lib(f13hb_ascii.o)
    0x0801b1a8   0x0000000d   Data   RO         2864    .constdata          STemWin522_CM4_Keil.lib(f13hb_ascii.o)
    0x0801b1b5   0x0000001a   Data   RO         2865    .constdata          STemWin522_CM4_Keil.lib(f13hb_ascii.o)
    0x0801b1cf   0x0000000d   Data   RO         2866    .constdata          STemWin522_CM4_Keil.lib(f13hb_ascii.o)
    0x0801b1dc   0x0000000d   Data   RO         2867    .constdata          STemWin522_CM4_Keil.lib(f13hb_ascii.o)
    0x0801b1e9   0x0000000d   Data   RO         2868    .constdata          STemWin522_CM4_Keil.lib(f13hb_ascii.o)
    0x0801b1f6   0x0000000d   Data   RO         2869    .constdata          STemWin522_CM4_Keil.lib(f13hb_ascii.o)
    0x0801b203   0x0000000d   Data   RO         2870    .constdata          STemWin522_CM4_Keil.lib(f13hb_ascii.o)
    0x0801b210   0x0000000d   Data   RO         2871    .constdata          STemWin522_CM4_Keil.lib(f13hb_ascii.o)
    0x0801b21d   0x0000000d   Data   RO         2872    .constdata          STemWin522_CM4_Keil.lib(f13hb_ascii.o)
    0x0801b22a   0x0000000d   Data   RO         2873    .constdata          STemWin522_CM4_Keil.lib(f13hb_ascii.o)
    0x0801b237   0x0000000d   Data   RO         2874    .constdata          STemWin522_CM4_Keil.lib(f13hb_ascii.o)
    0x0801b244   0x0000001a   Data   RO         2875    .constdata          STemWin522_CM4_Keil.lib(f13hb_ascii.o)
    0x0801b25e   0x0000000d   Data   RO         2876    .constdata          STemWin522_CM4_Keil.lib(f13hb_ascii.o)
    0x0801b26b   0x0000000d   Data   RO         2877    .constdata          STemWin522_CM4_Keil.lib(f13hb_ascii.o)
    0x0801b278   0x0000000d   Data   RO         2878    .constdata          STemWin522_CM4_Keil.lib(f13hb_ascii.o)
    0x0801b285   0x0000000d   Data   RO         2879    .constdata          STemWin522_CM4_Keil.lib(f13hb_ascii.o)
    0x0801b292   0x0000000d   Data   RO         2880    .constdata          STemWin522_CM4_Keil.lib(f13hb_ascii.o)
    0x0801b29f   0x0000000d   Data   RO         2881    .constdata          STemWin522_CM4_Keil.lib(f13hb_ascii.o)
    0x0801b2ac   0x0000001a   Data   RO         2882    .constdata          STemWin522_CM4_Keil.lib(f13hb_ascii.o)
    0x0801b2c6   0x00000002   PAD
    0x0801b2c8   0x000002f8   Data   RO         2883    .constdata          STemWin522_CM4_Keil.lib(f13hb_ascii.o)
    0x0801b5c0   0x0000000c   Data   RO         2884    .constdata          STemWin522_CM4_Keil.lib(f13hb_ascii.o)
    0x0801b5cc   0x00000024   Data   RO         2885    .constdata          STemWin522_CM4_Keil.lib(f13hb_ascii.o)
    0x0801b5f0   0x0000000f   Data   RO         2886    .constdata          STemWin522_CM4_Keil.lib(f8x15b_ascii.o)
    0x0801b5ff   0x0000000f   Data   RO         2887    .constdata          STemWin522_CM4_Keil.lib(f8x15b_ascii.o)
    0x0801b60e   0x0000000f   Data   RO         2888    .constdata          STemWin522_CM4_Keil.lib(f8x15b_ascii.o)
    0x0801b61d   0x0000000f   Data   RO         2889    .constdata          STemWin522_CM4_Keil.lib(f8x15b_ascii.o)
    0x0801b62c   0x0000000f   Data   RO         2890    .constdata          STemWin522_CM4_Keil.lib(f8x15b_ascii.o)
    0x0801b63b   0x0000000f   Data   RO         2891    .constdata          STemWin522_CM4_Keil.lib(f8x15b_ascii.o)
    0x0801b64a   0x0000000f   Data   RO         2892    .constdata          STemWin522_CM4_Keil.lib(f8x15b_ascii.o)
    0x0801b659   0x0000000f   Data   RO         2893    .constdata          STemWin522_CM4_Keil.lib(f8x15b_ascii.o)
    0x0801b668   0x0000000f   Data   RO         2894    .constdata          STemWin522_CM4_Keil.lib(f8x15b_ascii.o)
    0x0801b677   0x0000000f   Data   RO         2895    .constdata          STemWin522_CM4_Keil.lib(f8x15b_ascii.o)
    0x0801b686   0x0000000f   Data   RO         2896    .constdata          STemWin522_CM4_Keil.lib(f8x15b_ascii.o)
    0x0801b695   0x0000000f   Data   RO         2897    .constdata          STemWin522_CM4_Keil.lib(f8x15b_ascii.o)
    0x0801b6a4   0x0000000f   Data   RO         2898    .constdata          STemWin522_CM4_Keil.lib(f8x15b_ascii.o)
    0x0801b6b3   0x0000000f   Data   RO         2899    .constdata          STemWin522_CM4_Keil.lib(f8x15b_ascii.o)
    0x0801b6c2   0x0000000f   Data   RO         2900    .constdata          STemWin522_CM4_Keil.lib(f8x15b_ascii.o)
    0x0801b6d1   0x0000000f   Data   RO         2901    .constdata          STemWin522_CM4_Keil.lib(f8x15b_ascii.o)
    0x0801b6e0   0x0000000f   Data   RO         2902    .constdata          STemWin522_CM4_Keil.lib(f8x15b_ascii.o)
    0x0801b6ef   0x0000000f   Data   RO         2903    .constdata          STemWin522_CM4_Keil.lib(f8x15b_ascii.o)
    0x0801b6fe   0x0000000f   Data   RO         2904    .constdata          STemWin522_CM4_Keil.lib(f8x15b_ascii.o)
    0x0801b70d   0x0000000f   Data   RO         2905    .constdata          STemWin522_CM4_Keil.lib(f8x15b_ascii.o)
    0x0801b71c   0x0000000f   Data   RO         2906    .constdata          STemWin522_CM4_Keil.lib(f8x15b_ascii.o)
    0x0801b72b   0x0000000f   Data   RO         2907    .constdata          STemWin522_CM4_Keil.lib(f8x15b_ascii.o)
    0x0801b73a   0x0000000f   Data   RO         2908    .constdata          STemWin522_CM4_Keil.lib(f8x15b_ascii.o)
    0x0801b749   0x0000000f   Data   RO         2909    .constdata          STemWin522_CM4_Keil.lib(f8x15b_ascii.o)
    0x0801b758   0x0000000f   Data   RO         2910    .constdata          STemWin522_CM4_Keil.lib(f8x15b_ascii.o)
    0x0801b767   0x0000000f   Data   RO         2911    .constdata          STemWin522_CM4_Keil.lib(f8x15b_ascii.o)
    0x0801b776   0x0000000f   Data   RO         2912    .constdata          STemWin522_CM4_Keil.lib(f8x15b_ascii.o)
    0x0801b785   0x0000000f   Data   RO         2913    .constdata          STemWin522_CM4_Keil.lib(f8x15b_ascii.o)
    0x0801b794   0x0000000f   Data   RO         2914    .constdata          STemWin522_CM4_Keil.lib(f8x15b_ascii.o)
    0x0801b7a3   0x0000000f   Data   RO         2915    .constdata          STemWin522_CM4_Keil.lib(f8x15b_ascii.o)
    0x0801b7b2   0x0000000f   Data   RO         2916    .constdata          STemWin522_CM4_Keil.lib(f8x15b_ascii.o)
    0x0801b7c1   0x0000000f   Data   RO         2917    .constdata          STemWin522_CM4_Keil.lib(f8x15b_ascii.o)
    0x0801b7d0   0x0000000f   Data   RO         2918    .constdata          STemWin522_CM4_Keil.lib(f8x15b_ascii.o)
    0x0801b7df   0x0000000f   Data   RO         2919    .constdata          STemWin522_CM4_Keil.lib(f8x15b_ascii.o)
    0x0801b7ee   0x0000000f   Data   RO         2920    .constdata          STemWin522_CM4_Keil.lib(f8x15b_ascii.o)
    0x0801b7fd   0x0000000f   Data   RO         2921    .constdata          STemWin522_CM4_Keil.lib(f8x15b_ascii.o)
    0x0801b80c   0x0000000f   Data   RO         2922    .constdata          STemWin522_CM4_Keil.lib(f8x15b_ascii.o)
    0x0801b81b   0x0000000f   Data   RO         2923    .constdata          STemWin522_CM4_Keil.lib(f8x15b_ascii.o)
    0x0801b82a   0x0000000f   Data   RO         2924    .constdata          STemWin522_CM4_Keil.lib(f8x15b_ascii.o)
    0x0801b839   0x0000000f   Data   RO         2925    .constdata          STemWin522_CM4_Keil.lib(f8x15b_ascii.o)
    0x0801b848   0x0000000f   Data   RO         2926    .constdata          STemWin522_CM4_Keil.lib(f8x15b_ascii.o)
    0x0801b857   0x0000000f   Data   RO         2927    .constdata          STemWin522_CM4_Keil.lib(f8x15b_ascii.o)
    0x0801b866   0x0000000f   Data   RO         2928    .constdata          STemWin522_CM4_Keil.lib(f8x15b_ascii.o)
    0x0801b875   0x0000000f   Data   RO         2929    .constdata          STemWin522_CM4_Keil.lib(f8x15b_ascii.o)
    0x0801b884   0x0000000f   Data   RO         2930    .constdata          STemWin522_CM4_Keil.lib(f8x15b_ascii.o)
    0x0801b893   0x0000000f   Data   RO         2931    .constdata          STemWin522_CM4_Keil.lib(f8x15b_ascii.o)
    0x0801b8a2   0x0000000f   Data   RO         2932    .constdata          STemWin522_CM4_Keil.lib(f8x15b_ascii.o)
    0x0801b8b1   0x0000000f   Data   RO         2933    .constdata          STemWin522_CM4_Keil.lib(f8x15b_ascii.o)
    0x0801b8c0   0x0000000f   Data   RO         2934    .constdata          STemWin522_CM4_Keil.lib(f8x15b_ascii.o)
    0x0801b8cf   0x0000000f   Data   RO         2935    .constdata          STemWin522_CM4_Keil.lib(f8x15b_ascii.o)
    0x0801b8de   0x0000000f   Data   RO         2936    .constdata          STemWin522_CM4_Keil.lib(f8x15b_ascii.o)
    0x0801b8ed   0x0000000f   Data   RO         2937    .constdata          STemWin522_CM4_Keil.lib(f8x15b_ascii.o)
    0x0801b8fc   0x0000000f   Data   RO         2938    .constdata          STemWin522_CM4_Keil.lib(f8x15b_ascii.o)
    0x0801b90b   0x0000000f   Data   RO         2939    .constdata          STemWin522_CM4_Keil.lib(f8x15b_ascii.o)
    0x0801b91a   0x0000000f   Data   RO         2940    .constdata          STemWin522_CM4_Keil.lib(f8x15b_ascii.o)
    0x0801b929   0x0000000f   Data   RO         2941    .constdata          STemWin522_CM4_Keil.lib(f8x15b_ascii.o)
    0x0801b938   0x0000000f   Data   RO         2942    .constdata          STemWin522_CM4_Keil.lib(f8x15b_ascii.o)
    0x0801b947   0x0000000f   Data   RO         2943    .constdata          STemWin522_CM4_Keil.lib(f8x15b_ascii.o)
    0x0801b956   0x0000000f   Data   RO         2944    .constdata          STemWin522_CM4_Keil.lib(f8x15b_ascii.o)
    0x0801b965   0x0000000f   Data   RO         2945    .constdata          STemWin522_CM4_Keil.lib(f8x15b_ascii.o)
    0x0801b974   0x0000000f   Data   RO         2946    .constdata          STemWin522_CM4_Keil.lib(f8x15b_ascii.o)
    0x0801b983   0x0000000f   Data   RO         2947    .constdata          STemWin522_CM4_Keil.lib(f8x15b_ascii.o)
    0x0801b992   0x0000000f   Data   RO         2948    .constdata          STemWin522_CM4_Keil.lib(f8x15b_ascii.o)
    0x0801b9a1   0x0000000f   Data   RO         2949    .constdata          STemWin522_CM4_Keil.lib(f8x15b_ascii.o)
    0x0801b9b0   0x0000000f   Data   RO         2950    .constdata          STemWin522_CM4_Keil.lib(f8x15b_ascii.o)
    0x0801b9bf   0x0000000f   Data   RO         2951    .constdata          STemWin522_CM4_Keil.lib(f8x15b_ascii.o)
    0x0801b9ce   0x0000000f   Data   RO         2952    .constdata          STemWin522_CM4_Keil.lib(f8x15b_ascii.o)
    0x0801b9dd   0x0000000f   Data   RO         2953    .constdata          STemWin522_CM4_Keil.lib(f8x15b_ascii.o)
    0x0801b9ec   0x0000000f   Data   RO         2954    .constdata          STemWin522_CM4_Keil.lib(f8x15b_ascii.o)
    0x0801b9fb   0x0000000f   Data   RO         2955    .constdata          STemWin522_CM4_Keil.lib(f8x15b_ascii.o)
    0x0801ba0a   0x0000000f   Data   RO         2956    .constdata          STemWin522_CM4_Keil.lib(f8x15b_ascii.o)
    0x0801ba19   0x0000000f   Data   RO         2957    .constdata          STemWin522_CM4_Keil.lib(f8x15b_ascii.o)
    0x0801ba28   0x0000000f   Data   RO         2958    .constdata          STemWin522_CM4_Keil.lib(f8x15b_ascii.o)
    0x0801ba37   0x0000000f   Data   RO         2959    .constdata          STemWin522_CM4_Keil.lib(f8x15b_ascii.o)
    0x0801ba46   0x0000000f   Data   RO         2960    .constdata          STemWin522_CM4_Keil.lib(f8x15b_ascii.o)
    0x0801ba55   0x0000000f   Data   RO         2961    .constdata          STemWin522_CM4_Keil.lib(f8x15b_ascii.o)
    0x0801ba64   0x0000000f   Data   RO         2962    .constdata          STemWin522_CM4_Keil.lib(f8x15b_ascii.o)
    0x0801ba73   0x0000000f   Data   RO         2963    .constdata          STemWin522_CM4_Keil.lib(f8x15b_ascii.o)
    0x0801ba82   0x0000000f   Data   RO         2964    .constdata          STemWin522_CM4_Keil.lib(f8x15b_ascii.o)
    0x0801ba91   0x0000000f   Data   RO         2965    .constdata          STemWin522_CM4_Keil.lib(f8x15b_ascii.o)
    0x0801baa0   0x0000000f   Data   RO         2966    .constdata          STemWin522_CM4_Keil.lib(f8x15b_ascii.o)
    0x0801baaf   0x0000000f   Data   RO         2967    .constdata          STemWin522_CM4_Keil.lib(f8x15b_ascii.o)
    0x0801babe   0x0000000f   Data   RO         2968    .constdata          STemWin522_CM4_Keil.lib(f8x15b_ascii.o)
    0x0801bacd   0x0000000f   Data   RO         2969    .constdata          STemWin522_CM4_Keil.lib(f8x15b_ascii.o)
    0x0801badc   0x0000000f   Data   RO         2970    .constdata          STemWin522_CM4_Keil.lib(f8x15b_ascii.o)
    0x0801baeb   0x0000000f   Data   RO         2971    .constdata          STemWin522_CM4_Keil.lib(f8x15b_ascii.o)
    0x0801bafa   0x0000000f   Data   RO         2972    .constdata          STemWin522_CM4_Keil.lib(f8x15b_ascii.o)
    0x0801bb09   0x0000000f   Data   RO         2973    .constdata          STemWin522_CM4_Keil.lib(f8x15b_ascii.o)
    0x0801bb18   0x0000000f   Data   RO         2974    .constdata          STemWin522_CM4_Keil.lib(f8x15b_ascii.o)
    0x0801bb27   0x0000000f   Data   RO         2975    .constdata          STemWin522_CM4_Keil.lib(f8x15b_ascii.o)
    0x0801bb36   0x0000000f   Data   RO         2976    .constdata          STemWin522_CM4_Keil.lib(f8x15b_ascii.o)
    0x0801bb45   0x0000000f   Data   RO         2977    .constdata          STemWin522_CM4_Keil.lib(f8x15b_ascii.o)
    0x0801bb54   0x0000000f   Data   RO         2978    .constdata          STemWin522_CM4_Keil.lib(f8x15b_ascii.o)
    0x0801bb63   0x0000000f   Data   RO         2979    .constdata          STemWin522_CM4_Keil.lib(f8x15b_ascii.o)
    0x0801bb72   0x0000000f   Data   RO         2980    .constdata          STemWin522_CM4_Keil.lib(f8x15b_ascii.o)
    0x0801bb81   0x0000000f   Data   RO         2981    .constdata          STemWin522_CM4_Keil.lib(f8x15b_ascii.o)
    0x0801bb90   0x00000300   Data   RO         2982    .constdata          STemWin522_CM4_Keil.lib(f8x15b_ascii.o)
    0x0801be90   0x0000000c   Data   RO         2983    .constdata          STemWin522_CM4_Keil.lib(f8x15b_ascii.o)
    0x0801be9c   0x00000024   Data   RO         2984    .constdata          STemWin522_CM4_Keil.lib(f8x15b_ascii.o)
    0x0801bec0   0x00000a30   Data   RO         2985    .constdata          STemWin522_CM4_Keil.lib(f8x16.o)
    0x0801c8f0   0x000001c0   Data   RO         2986    .constdata          STemWin522_CM4_Keil.lib(f8x16.o)
    0x0801cab0   0x00000008   Data   RO         2987    .constdata          STemWin522_CM4_Keil.lib(f8x16.o)
    0x0801cab8   0x00000014   Data   RO         2988    .constdata          STemWin522_CM4_Keil.lib(f8x16.o)
    0x0801cacc   0x00000024   Data   RO         2989    .constdata          STemWin522_CM4_Keil.lib(f8x16.o)
    0x0801caf0   0x00000018   Data   RO         3189    .constdata          STemWin522_CM4_Keil.lib(guicc_16.o)
    0x0801cb08   0x00000010   Data   RO         3193    .constdata          STemWin522_CM4_Keil.lib(gui__divtbl_15_255.o)
    0x0801cb18   0x00000100   Data   RO         3194    .constdata          STemWin522_CM4_Keil.lib(gui__divtbl_255_15.o)
    0x0801cc18   0x00000100   Data   RO         3195    .constdata          STemWin522_CM4_Keil.lib(gui__divtbl_255_31.o)
    0x0801cd18   0x00000100   Data   RO         3196    .constdata          STemWin522_CM4_Keil.lib(gui__divtbl_255_63.o)
    0x0801ce18   0x00000020   Data   RO         3197    .constdata          STemWin522_CM4_Keil.lib(gui__divtbl_31_255.o)
    0x0801ce38   0x00000040   Data   RO         3198    .constdata          STemWin522_CM4_Keil.lib(gui__divtbl_63_255.o)
    0x0801ce78   0x00000010   Data   RO         3301    .constdata          STemWin522_CM4_Keil.lib(gui_uc_encodenone.o)
    0x0801ce88   0x00000018   Data   RO         3325    .constdata          STemWin522_CM4_Keil.lib(guicc_0.o)
    0x0801cea0   0x00000100   Data   RO         3341    .constdata          STemWin522_CM4_Keil.lib(lcd_mirror.o)
    0x0801cfa0   0x0000000d   Data   RO         3354    .constdata          STemWin522_CM4_Keil.lib(f13_1.o)
    0x0801cfad   0x0000000d   Data   RO         3355    .constdata          STemWin522_CM4_Keil.lib(f13_1.o)
    0x0801cfba   0x0000000d   Data   RO         3356    .constdata          STemWin522_CM4_Keil.lib(f13_1.o)
    0x0801cfc7   0x0000000d   Data   RO         3357    .constdata          STemWin522_CM4_Keil.lib(f13_1.o)
    0x0801cfd4   0x0000000d   Data   RO         3358    .constdata          STemWin522_CM4_Keil.lib(f13_1.o)
    0x0801cfe1   0x0000000d   Data   RO         3359    .constdata          STemWin522_CM4_Keil.lib(f13_1.o)
    0x0801cfee   0x0000000d   Data   RO         3360    .constdata          STemWin522_CM4_Keil.lib(f13_1.o)
    0x0801cffb   0x0000000d   Data   RO         3361    .constdata          STemWin522_CM4_Keil.lib(f13_1.o)
    0x0801d008   0x0000000d   Data   RO         3362    .constdata          STemWin522_CM4_Keil.lib(f13_1.o)
    0x0801d015   0x0000001a   Data   RO         3363    .constdata          STemWin522_CM4_Keil.lib(f13_1.o)
    0x0801d02f   0x0000000d   Data   RO         3364    .constdata          STemWin522_CM4_Keil.lib(f13_1.o)
    0x0801d03c   0x0000000d   Data   RO         3365    .constdata          STemWin522_CM4_Keil.lib(f13_1.o)
    0x0801d049   0x0000000d   Data   RO         3366    .constdata          STemWin522_CM4_Keil.lib(f13_1.o)
    0x0801d056   0x0000000d   Data   RO         3367    .constdata          STemWin522_CM4_Keil.lib(f13_1.o)
    0x0801d063   0x0000001a   Data   RO         3368    .constdata          STemWin522_CM4_Keil.lib(f13_1.o)
    0x0801d07d   0x0000000d   Data   RO         3369    .constdata          STemWin522_CM4_Keil.lib(f13_1.o)
    0x0801d08a   0x0000000d   Data   RO         3370    .constdata          STemWin522_CM4_Keil.lib(f13_1.o)
    0x0801d097   0x0000000d   Data   RO         3371    .constdata          STemWin522_CM4_Keil.lib(f13_1.o)
    0x0801d0a4   0x0000000d   Data   RO         3372    .constdata          STemWin522_CM4_Keil.lib(f13_1.o)
    0x0801d0b1   0x0000000d   Data   RO         3373    .constdata          STemWin522_CM4_Keil.lib(f13_1.o)
    0x0801d0be   0x0000000d   Data   RO         3374    .constdata          STemWin522_CM4_Keil.lib(f13_1.o)
    0x0801d0cb   0x0000000d   Data   RO         3375    .constdata          STemWin522_CM4_Keil.lib(f13_1.o)
    0x0801d0d8   0x0000000d   Data   RO         3376    .constdata          STemWin522_CM4_Keil.lib(f13_1.o)
    0x0801d0e5   0x0000000d   Data   RO         3377    .constdata          STemWin522_CM4_Keil.lib(f13_1.o)
    0x0801d0f2   0x0000000d   Data   RO         3378    .constdata          STemWin522_CM4_Keil.lib(f13_1.o)
    0x0801d0ff   0x0000000d   Data   RO         3379    .constdata          STemWin522_CM4_Keil.lib(f13_1.o)
    0x0801d10c   0x0000000d   Data   RO         3380    .constdata          STemWin522_CM4_Keil.lib(f13_1.o)
    0x0801d119   0x0000000d   Data   RO         3381    .constdata          STemWin522_CM4_Keil.lib(f13_1.o)
    0x0801d126   0x0000001a   Data   RO         3382    .constdata          STemWin522_CM4_Keil.lib(f13_1.o)
    0x0801d140   0x0000001a   Data   RO         3383    .constdata          STemWin522_CM4_Keil.lib(f13_1.o)
    0x0801d15a   0x0000001a   Data   RO         3384    .constdata          STemWin522_CM4_Keil.lib(f13_1.o)
    0x0801d174   0x0000000d   Data   RO         3385    .constdata          STemWin522_CM4_Keil.lib(f13_1.o)
    0x0801d181   0x0000000d   Data   RO         3386    .constdata          STemWin522_CM4_Keil.lib(f13_1.o)
    0x0801d18e   0x0000000d   Data   RO         3387    .constdata          STemWin522_CM4_Keil.lib(f13_1.o)
    0x0801d19b   0x0000000d   Data   RO         3388    .constdata          STemWin522_CM4_Keil.lib(f13_1.o)
    0x0801d1a8   0x0000000d   Data   RO         3389    .constdata          STemWin522_CM4_Keil.lib(f13_1.o)
    0x0801d1b5   0x0000000d   Data   RO         3390    .constdata          STemWin522_CM4_Keil.lib(f13_1.o)
    0x0801d1c2   0x0000000d   Data   RO         3391    .constdata          STemWin522_CM4_Keil.lib(f13_1.o)
    0x0801d1cf   0x0000001a   Data   RO         3392    .constdata          STemWin522_CM4_Keil.lib(f13_1.o)
    0x0801d1e9   0x0000000d   Data   RO         3393    .constdata          STemWin522_CM4_Keil.lib(f13_1.o)
    0x0801d1f6   0x0000000d   Data   RO         3394    .constdata          STemWin522_CM4_Keil.lib(f13_1.o)
    0x0801d203   0x0000000d   Data   RO         3395    .constdata          STemWin522_CM4_Keil.lib(f13_1.o)
    0x0801d210   0x0000000d   Data   RO         3396    .constdata          STemWin522_CM4_Keil.lib(f13_1.o)
    0x0801d21d   0x0000000d   Data   RO         3397    .constdata          STemWin522_CM4_Keil.lib(f13_1.o)
    0x0801d22a   0x0000000d   Data   RO         3398    .constdata          STemWin522_CM4_Keil.lib(f13_1.o)
    0x0801d237   0x0000000d   Data   RO         3399    .constdata          STemWin522_CM4_Keil.lib(f13_1.o)
    0x0801d244   0x0000000d   Data   RO         3400    .constdata          STemWin522_CM4_Keil.lib(f13_1.o)
    0x0801d251   0x0000000d   Data   RO         3401    .constdata          STemWin522_CM4_Keil.lib(f13_1.o)
    0x0801d25e   0x0000000d   Data   RO         3402    .constdata          STemWin522_CM4_Keil.lib(f13_1.o)
    0x0801d26b   0x0000000d   Data   RO         3403    .constdata          STemWin522_CM4_Keil.lib(f13_1.o)
    0x0801d278   0x0000000d   Data   RO         3404    .constdata          STemWin522_CM4_Keil.lib(f13_1.o)
    0x0801d285   0x0000000d   Data   RO         3405    .constdata          STemWin522_CM4_Keil.lib(f13_1.o)
    0x0801d292   0x0000000d   Data   RO         3406    .constdata          STemWin522_CM4_Keil.lib(f13_1.o)
    0x0801d29f   0x0000000d   Data   RO         3407    .constdata          STemWin522_CM4_Keil.lib(f13_1.o)
    0x0801d2ac   0x0000000d   Data   RO         3408    .constdata          STemWin522_CM4_Keil.lib(f13_1.o)
    0x0801d2b9   0x0000000d   Data   RO         3409    .constdata          STemWin522_CM4_Keil.lib(f13_1.o)
    0x0801d2c6   0x0000000d   Data   RO         3410    .constdata          STemWin522_CM4_Keil.lib(f13_1.o)
    0x0801d2d3   0x0000000d   Data   RO         3411    .constdata          STemWin522_CM4_Keil.lib(f13_1.o)
    0x0801d2e0   0x0000000d   Data   RO         3412    .constdata          STemWin522_CM4_Keil.lib(f13_1.o)
    0x0801d2ed   0x0000000d   Data   RO         3413    .constdata          STemWin522_CM4_Keil.lib(f13_1.o)
    0x0801d2fa   0x0000000d   Data   RO         3414    .constdata          STemWin522_CM4_Keil.lib(f13_1.o)
    0x0801d307   0x0000000d   Data   RO         3415    .constdata          STemWin522_CM4_Keil.lib(f13_1.o)
    0x0801d314   0x0000000d   Data   RO         3416    .constdata          STemWin522_CM4_Keil.lib(f13_1.o)
    0x0801d321   0x0000000d   Data   RO         3417    .constdata          STemWin522_CM4_Keil.lib(f13_1.o)
    0x0801d32e   0x0000000d   Data   RO         3418    .constdata          STemWin522_CM4_Keil.lib(f13_1.o)
    0x0801d33b   0x0000000d   Data   RO         3419    .constdata          STemWin522_CM4_Keil.lib(f13_1.o)
    0x0801d348   0x0000000d   Data   RO         3420    .constdata          STemWin522_CM4_Keil.lib(f13_1.o)
    0x0801d355   0x0000000d   Data   RO         3421    .constdata          STemWin522_CM4_Keil.lib(f13_1.o)
    0x0801d362   0x0000000d   Data   RO         3422    .constdata          STemWin522_CM4_Keil.lib(f13_1.o)
    0x0801d36f   0x0000000d   Data   RO         3423    .constdata          STemWin522_CM4_Keil.lib(f13_1.o)
    0x0801d37c   0x0000001a   Data   RO         3424    .constdata          STemWin522_CM4_Keil.lib(f13_1.o)
    0x0801d396   0x0000000d   Data   RO         3425    .constdata          STemWin522_CM4_Keil.lib(f13_1.o)
    0x0801d3a3   0x0000000d   Data   RO         3426    .constdata          STemWin522_CM4_Keil.lib(f13_1.o)
    0x0801d3b0   0x0000000d   Data   RO         3427    .constdata          STemWin522_CM4_Keil.lib(f13_1.o)
    0x0801d3bd   0x0000000d   Data   RO         3428    .constdata          STemWin522_CM4_Keil.lib(f13_1.o)
    0x0801d3ca   0x0000000d   Data   RO         3429    .constdata          STemWin522_CM4_Keil.lib(f13_1.o)
    0x0801d3d7   0x0000000d   Data   RO         3430    .constdata          STemWin522_CM4_Keil.lib(f13_1.o)
    0x0801d3e4   0x0000000d   Data   RO         3431    .constdata          STemWin522_CM4_Keil.lib(f13_1.o)
    0x0801d3f1   0x0000000d   Data   RO         3432    .constdata          STemWin522_CM4_Keil.lib(f13_1.o)
    0x0801d3fe   0x0000000d   Data   RO         3433    .constdata          STemWin522_CM4_Keil.lib(f13_1.o)
    0x0801d40b   0x0000000d   Data   RO         3434    .constdata          STemWin522_CM4_Keil.lib(f13_1.o)
    0x0801d418   0x0000000d   Data   RO         3435    .constdata          STemWin522_CM4_Keil.lib(f13_1.o)
    0x0801d425   0x0000000d   Data   RO         3436    .constdata          STemWin522_CM4_Keil.lib(f13_1.o)
    0x0801d432   0x0000000d   Data   RO         3437    .constdata          STemWin522_CM4_Keil.lib(f13_1.o)
    0x0801d43f   0x0000000d   Data   RO         3438    .constdata          STemWin522_CM4_Keil.lib(f13_1.o)
    0x0801d44c   0x0000000d   Data   RO         3439    .constdata          STemWin522_CM4_Keil.lib(f13_1.o)
    0x0801d459   0x0000000d   Data   RO         3440    .constdata          STemWin522_CM4_Keil.lib(f13_1.o)
    0x0801d466   0x0000000d   Data   RO         3441    .constdata          STemWin522_CM4_Keil.lib(f13_1.o)
    0x0801d473   0x0000000d   Data   RO         3442    .constdata          STemWin522_CM4_Keil.lib(f13_1.o)
    0x0801d480   0x0000000d   Data   RO         3443    .constdata          STemWin522_CM4_Keil.lib(f13_1.o)
    0x0801d48d   0x0000000d   Data   RO         3444    .constdata          STemWin522_CM4_Keil.lib(f13_1.o)
    0x0801d49a   0x0000000d   Data   RO         3445    .constdata          STemWin522_CM4_Keil.lib(f13_1.o)
    0x0801d4a7   0x0000000d   Data   RO         3446    .constdata          STemWin522_CM4_Keil.lib(f13_1.o)
    0x0801d4b4   0x0000000d   Data   RO         3447    .constdata          STemWin522_CM4_Keil.lib(f13_1.o)
    0x0801d4c1   0x0000000d   Data   RO         3448    .constdata          STemWin522_CM4_Keil.lib(f13_1.o)
    0x0801d4ce   0x0000000d   Data   RO         3449    .constdata          STemWin522_CM4_Keil.lib(f13_1.o)
    0x0801d4db   0x00000001   PAD
    0x0801d4dc   0x00000300   Data   RO         3450    .constdata          STemWin522_CM4_Keil.lib(f13_1.o)
    0x0801d7dc   0x0000000c   Data   RO         3451    .constdata          STemWin522_CM4_Keil.lib(f13_1.o)
    0x0801d7e8   0x00000024   Data   RO         3452    .constdata          STemWin522_CM4_Keil.lib(f13_1.o)
    0x0801d80c   0x00000518   Data   RO         3453    .constdata          STemWin522_CM4_Keil.lib(f6x8.o)
    0x0801dd24   0x000001c0   Data   RO         3454    .constdata          STemWin522_CM4_Keil.lib(f6x8.o)
    0x0801dee4   0x00000008   Data   RO         3455    .constdata          STemWin522_CM4_Keil.lib(f6x8.o)
    0x0801deec   0x00000014   Data   RO         3456    .constdata          STemWin522_CM4_Keil.lib(f6x8.o)
    0x0801df00   0x00000024   Data   RO         3457    .constdata          STemWin522_CM4_Keil.lib(f6x8.o)
    0x0801df24   0x00000074   Data   RO         3495    .constdata          STemWin522_CM4_Keil.lib(guidev_16.o)
    0x0801df98   0x0000000c   Data   RO         3544    .constdata          STemWin522_CM4_Keil.lib(button_skinclassic.o)
    0x0801dfa4   0x0000000c   Data   RO         3554    .constdata          STemWin522_CM4_Keil.lib(progbar_skinclassic.o)
    0x0801dfb0   0x0000001c   Data   RO         3616    .constdata          STemWin522_CM4_Keil.lib(widget_effect_none.o)
    0x0801dfcc   0x00000028   Data   RO         3714    .constdata          STemWin522_CM4_Keil.lib(gui_adddecshift.o)
    0x0801dff4   0x00000018   Data   RO         3922    .constdata          STemWin522_CM4_Keil.lib(guicc_8888.o)
    0x0801e00c   0x0000000d   Data   RO         3931    .constdata          STemWin522_CM4_Keil.lib(f13_ascii.o)
    0x0801e019   0x0000000d   Data   RO         3932    .constdata          STemWin522_CM4_Keil.lib(f13_ascii.o)
    0x0801e026   0x0000000d   Data   RO         3933    .constdata          STemWin522_CM4_Keil.lib(f13_ascii.o)
    0x0801e033   0x0000000d   Data   RO         3934    .constdata          STemWin522_CM4_Keil.lib(f13_ascii.o)
    0x0801e040   0x0000000d   Data   RO         3935    .constdata          STemWin522_CM4_Keil.lib(f13_ascii.o)
    0x0801e04d   0x0000001a   Data   RO         3936    .constdata          STemWin522_CM4_Keil.lib(f13_ascii.o)
    0x0801e067   0x0000000d   Data   RO         3937    .constdata          STemWin522_CM4_Keil.lib(f13_ascii.o)
    0x0801e074   0x0000000d   Data   RO         3938    .constdata          STemWin522_CM4_Keil.lib(f13_ascii.o)
    0x0801e081   0x0000000d   Data   RO         3939    .constdata          STemWin522_CM4_Keil.lib(f13_ascii.o)
    0x0801e08e   0x0000000d   Data   RO         3940    .constdata          STemWin522_CM4_Keil.lib(f13_ascii.o)
    0x0801e09b   0x0000000d   Data   RO         3941    .constdata          STemWin522_CM4_Keil.lib(f13_ascii.o)
    0x0801e0a8   0x0000000d   Data   RO         3942    .constdata          STemWin522_CM4_Keil.lib(f13_ascii.o)
    0x0801e0b5   0x0000000d   Data   RO         3943    .constdata          STemWin522_CM4_Keil.lib(f13_ascii.o)
    0x0801e0c2   0x0000000d   Data   RO         3944    .constdata          STemWin522_CM4_Keil.lib(f13_ascii.o)
    0x0801e0cf   0x0000000d   Data   RO         3945    .constdata          STemWin522_CM4_Keil.lib(f13_ascii.o)
    0x0801e0dc   0x0000000d   Data   RO         3946    .constdata          STemWin522_CM4_Keil.lib(f13_ascii.o)
    0x0801e0e9   0x0000000d   Data   RO         3947    .constdata          STemWin522_CM4_Keil.lib(f13_ascii.o)
    0x0801e0f6   0x0000000d   Data   RO         3948    .constdata          STemWin522_CM4_Keil.lib(f13_ascii.o)
    0x0801e103   0x0000000d   Data   RO         3949    .constdata          STemWin522_CM4_Keil.lib(f13_ascii.o)
    0x0801e110   0x0000000d   Data   RO         3950    .constdata          STemWin522_CM4_Keil.lib(f13_ascii.o)
    0x0801e11d   0x0000000d   Data   RO         3951    .constdata          STemWin522_CM4_Keil.lib(f13_ascii.o)
    0x0801e12a   0x0000000d   Data   RO         3952    .constdata          STemWin522_CM4_Keil.lib(f13_ascii.o)
    0x0801e137   0x0000000d   Data   RO         3953    .constdata          STemWin522_CM4_Keil.lib(f13_ascii.o)
    0x0801e144   0x0000000d   Data   RO         3954    .constdata          STemWin522_CM4_Keil.lib(f13_ascii.o)
    0x0801e151   0x0000000d   Data   RO         3955    .constdata          STemWin522_CM4_Keil.lib(f13_ascii.o)
    0x0801e15e   0x0000000d   Data   RO         3956    .constdata          STemWin522_CM4_Keil.lib(f13_ascii.o)
    0x0801e16b   0x0000000d   Data   RO         3957    .constdata          STemWin522_CM4_Keil.lib(f13_ascii.o)
    0x0801e178   0x0000000d   Data   RO         3958    .constdata          STemWin522_CM4_Keil.lib(f13_ascii.o)
    0x0801e185   0x0000000d   Data   RO         3959    .constdata          STemWin522_CM4_Keil.lib(f13_ascii.o)
    0x0801e192   0x0000000d   Data   RO         3960    .constdata          STemWin522_CM4_Keil.lib(f13_ascii.o)
    0x0801e19f   0x0000000d   Data   RO         3961    .constdata          STemWin522_CM4_Keil.lib(f13_ascii.o)
    0x0801e1ac   0x0000000d   Data   RO         3962    .constdata          STemWin522_CM4_Keil.lib(f13_ascii.o)
    0x0801e1b9   0x0000001a   Data   RO         3963    .constdata          STemWin522_CM4_Keil.lib(f13_ascii.o)
    0x0801e1d3   0x0000000d   Data   RO         3964    .constdata          STemWin522_CM4_Keil.lib(f13_ascii.o)
    0x0801e1e0   0x0000000d   Data   RO         3965    .constdata          STemWin522_CM4_Keil.lib(f13_ascii.o)
    0x0801e1ed   0x0000000d   Data   RO         3966    .constdata          STemWin522_CM4_Keil.lib(f13_ascii.o)
    0x0801e1fa   0x0000000d   Data   RO         3967    .constdata          STemWin522_CM4_Keil.lib(f13_ascii.o)
    0x0801e207   0x0000000d   Data   RO         3968    .constdata          STemWin522_CM4_Keil.lib(f13_ascii.o)
    0x0801e214   0x0000000d   Data   RO         3969    .constdata          STemWin522_CM4_Keil.lib(f13_ascii.o)
    0x0801e221   0x0000000d   Data   RO         3970    .constdata          STemWin522_CM4_Keil.lib(f13_ascii.o)
    0x0801e22e   0x0000000d   Data   RO         3971    .constdata          STemWin522_CM4_Keil.lib(f13_ascii.o)
    0x0801e23b   0x0000000d   Data   RO         3972    .constdata          STemWin522_CM4_Keil.lib(f13_ascii.o)
    0x0801e248   0x0000000d   Data   RO         3973    .constdata          STemWin522_CM4_Keil.lib(f13_ascii.o)
    0x0801e255   0x0000000d   Data   RO         3974    .constdata          STemWin522_CM4_Keil.lib(f13_ascii.o)
    0x0801e262   0x0000000d   Data   RO         3975    .constdata          STemWin522_CM4_Keil.lib(f13_ascii.o)
    0x0801e26f   0x0000000d   Data   RO         3976    .constdata          STemWin522_CM4_Keil.lib(f13_ascii.o)
    0x0801e27c   0x0000000d   Data   RO         3977    .constdata          STemWin522_CM4_Keil.lib(f13_ascii.o)
    0x0801e289   0x0000000d   Data   RO         3978    .constdata          STemWin522_CM4_Keil.lib(f13_ascii.o)
    0x0801e296   0x0000000d   Data   RO         3979    .constdata          STemWin522_CM4_Keil.lib(f13_ascii.o)
    0x0801e2a3   0x0000000d   Data   RO         3980    .constdata          STemWin522_CM4_Keil.lib(f13_ascii.o)
    0x0801e2b0   0x0000000d   Data   RO         3981    .constdata          STemWin522_CM4_Keil.lib(f13_ascii.o)
    0x0801e2bd   0x0000000d   Data   RO         3982    .constdata          STemWin522_CM4_Keil.lib(f13_ascii.o)
    0x0801e2ca   0x0000000d   Data   RO         3983    .constdata          STemWin522_CM4_Keil.lib(f13_ascii.o)
    0x0801e2d7   0x0000000d   Data   RO         3984    .constdata          STemWin522_CM4_Keil.lib(f13_ascii.o)
    0x0801e2e4   0x0000000d   Data   RO         3985    .constdata          STemWin522_CM4_Keil.lib(f13_ascii.o)
    0x0801e2f1   0x0000001a   Data   RO         3986    .constdata          STemWin522_CM4_Keil.lib(f13_ascii.o)
    0x0801e30b   0x0000000d   Data   RO         3987    .constdata          STemWin522_CM4_Keil.lib(f13_ascii.o)
    0x0801e318   0x0000000d   Data   RO         3988    .constdata          STemWin522_CM4_Keil.lib(f13_ascii.o)
    0x0801e325   0x0000000d   Data   RO         3989    .constdata          STemWin522_CM4_Keil.lib(f13_ascii.o)
    0x0801e332   0x0000000d   Data   RO         3990    .constdata          STemWin522_CM4_Keil.lib(f13_ascii.o)
    0x0801e33f   0x0000000d   Data   RO         3991    .constdata          STemWin522_CM4_Keil.lib(f13_ascii.o)
    0x0801e34c   0x0000000d   Data   RO         3992    .constdata          STemWin522_CM4_Keil.lib(f13_ascii.o)
    0x0801e359   0x0000000d   Data   RO         3993    .constdata          STemWin522_CM4_Keil.lib(f13_ascii.o)
    0x0801e366   0x0000000d   Data   RO         3994    .constdata          STemWin522_CM4_Keil.lib(f13_ascii.o)
    0x0801e373   0x0000000d   Data   RO         3995    .constdata          STemWin522_CM4_Keil.lib(f13_ascii.o)
    0x0801e380   0x0000000d   Data   RO         3996    .constdata          STemWin522_CM4_Keil.lib(f13_ascii.o)
    0x0801e38d   0x0000000d   Data   RO         3997    .constdata          STemWin522_CM4_Keil.lib(f13_ascii.o)
    0x0801e39a   0x0000000d   Data   RO         3998    .constdata          STemWin522_CM4_Keil.lib(f13_ascii.o)
    0x0801e3a7   0x0000000d   Data   RO         3999    .constdata          STemWin522_CM4_Keil.lib(f13_ascii.o)
    0x0801e3b4   0x0000000d   Data   RO         4000    .constdata          STemWin522_CM4_Keil.lib(f13_ascii.o)
    0x0801e3c1   0x0000000d   Data   RO         4001    .constdata          STemWin522_CM4_Keil.lib(f13_ascii.o)
    0x0801e3ce   0x0000000d   Data   RO         4002    .constdata          STemWin522_CM4_Keil.lib(f13_ascii.o)
    0x0801e3db   0x0000000d   Data   RO         4003    .constdata          STemWin522_CM4_Keil.lib(f13_ascii.o)
    0x0801e3e8   0x0000000d   Data   RO         4004    .constdata          STemWin522_CM4_Keil.lib(f13_ascii.o)
    0x0801e3f5   0x0000000d   Data   RO         4005    .constdata          STemWin522_CM4_Keil.lib(f13_ascii.o)
    0x0801e402   0x0000000d   Data   RO         4006    .constdata          STemWin522_CM4_Keil.lib(f13_ascii.o)
    0x0801e40f   0x0000000d   Data   RO         4007    .constdata          STemWin522_CM4_Keil.lib(f13_ascii.o)
    0x0801e41c   0x0000000d   Data   RO         4008    .constdata          STemWin522_CM4_Keil.lib(f13_ascii.o)
    0x0801e429   0x0000000d   Data   RO         4009    .constdata          STemWin522_CM4_Keil.lib(f13_ascii.o)
    0x0801e436   0x0000000d   Data   RO         4010    .constdata          STemWin522_CM4_Keil.lib(f13_ascii.o)
    0x0801e443   0x0000000d   Data   RO         4011    .constdata          STemWin522_CM4_Keil.lib(f13_ascii.o)
    0x0801e450   0x0000000d   Data   RO         4012    .constdata          STemWin522_CM4_Keil.lib(f13_ascii.o)
    0x0801e45d   0x0000000d   Data   RO         4013    .constdata          STemWin522_CM4_Keil.lib(f13_ascii.o)
    0x0801e46a   0x0000000d   Data   RO         4014    .constdata          STemWin522_CM4_Keil.lib(f13_ascii.o)
    0x0801e477   0x0000000d   Data   RO         4015    .constdata          STemWin522_CM4_Keil.lib(f13_ascii.o)
    0x0801e484   0x0000000d   Data   RO         4016    .constdata          STemWin522_CM4_Keil.lib(f13_ascii.o)
    0x0801e491   0x0000000d   Data   RO         4017    .constdata          STemWin522_CM4_Keil.lib(f13_ascii.o)
    0x0801e49e   0x0000000d   Data   RO         4018    .constdata          STemWin522_CM4_Keil.lib(f13_ascii.o)
    0x0801e4ab   0x0000000d   Data   RO         4019    .constdata          STemWin522_CM4_Keil.lib(f13_ascii.o)
    0x0801e4b8   0x0000000d   Data   RO         4020    .constdata          STemWin522_CM4_Keil.lib(f13_ascii.o)
    0x0801e4c5   0x0000000d   Data   RO         4021    .constdata          STemWin522_CM4_Keil.lib(f13_ascii.o)
    0x0801e4d2   0x0000000d   Data   RO         4022    .constdata          STemWin522_CM4_Keil.lib(f13_ascii.o)
    0x0801e4df   0x0000000d   Data   RO         4023    .constdata          STemWin522_CM4_Keil.lib(f13_ascii.o)
    0x0801e4ec   0x0000000d   Data   RO         4024    .constdata          STemWin522_CM4_Keil.lib(f13_ascii.o)
    0x0801e4f9   0x0000000d   Data   RO         4025    .constdata          STemWin522_CM4_Keil.lib(f13_ascii.o)
    0x0801e506   0x00000002   PAD
    0x0801e508   0x000002f8   Data   RO         4026    .constdata          STemWin522_CM4_Keil.lib(f13_ascii.o)
    0x0801e800   0x0000000c   Data   RO         4027    .constdata          STemWin522_CM4_Keil.lib(f13_ascii.o)
    0x0801e80c   0x00000074   Data   RO         4046    .constdata          STemWin522_CM4_Keil.lib(guidev_32.o)
    0x0801e880   0x00000018   Data   RO         4094    .constdata          STemWin522_CM4_Keil.lib(guidev_usagebm.o)
    0x0801e898   0x00000008   Data   RO         4109    .constdata          STemWin522_CM4_Keil.lib(guidev_writetoactiveopaque.o)
    0x0801e8a0   0x0000001c   Data   RO         4144    .constdata          STemWin522_CM4_Keil.lib(widget_effect_3d.o)
    0x0801e8bc   0x00000020   Data   RO         4496    Region$$Table       anon$$obj.o


    Execution Region RW_IRAM1 (Base: 0x20000000, Size: 0x0001f7d0, Max: 0x00030000, ABSOLUTE, COMPRESSED[0x000000a0])

    Base Addr    Size         Type   Attr      Idx    E Section Name        Object

    0x20000000   0x00000010   Data   RW          152    .data               stm32f4xx_rcc.o
    0x20000010   0x00000011   Data   RW          977    .data               tm_stm32f4_delay.o
    0x20000021   0x00000001   Data   RW         1023    .data               tm_stm32f4_disco.o
    0x20000022   0x00000002   PAD
    0x20000024   0x00000012   Data   RW         1109    .data               tm_stm32f4_emwin.o
    0x20000036   0x00000002   PAD
    0x20000038   0x00000010   Data   RW         1223    .data               tm_stm32f4_i2c.o
    0x20000048   0x00000004   Data   RW         1250    .data               tm_stm32f4_ili9341_ltdc.o
    0x2000004c   0x00000001   Data   RW         1283    .data               tm_stm32f4_sdram.o
    0x2000004d   0x00000003   PAD
    0x20000050   0x00000005   Data   RW         1362    .data               guiconf.o
    0x20000055   0x00000003   PAD
    0x20000058   0x00000040   Data   RW         1474    .data               guidrv_stm32f429i_discovery.o
    0x20000098   0x00000014   Data   RW         1726    .data               system_stm32f4xx.o
    0x200000ac   0x00000004   Data   RW         1755    .data               cpu_core.o
    0x200000b0   0x00000004   Data   RW         1832    .data               lib_mem.o
    0x200000b4   0x00000004   Data   RW         1876    .data               os_cpu_c.o
    0x200000b8   0x00000008   Data   RW         2011    .data               os_prio.o
    0x200000c0   0x000000c4   Data   RW         2114    .data               os_var.o
    0x20000184   0x00000008   Data   RW         2261    .data               STemWin522_CM4_Keil.lib(guicc_m1555i.o)
    0x2000018c   0x00000008   Data   RW         2275    .data               STemWin522_CM4_Keil.lib(guicc_m4444i.o)
    0x20000194   0x00000008   Data   RW         2288    .data               STemWin522_CM4_Keil.lib(guicc_m565.o)
    0x2000019c   0x00000008   Data   RW         2301    .data               STemWin522_CM4_Keil.lib(guicc_m8888i.o)
    0x200001a4   0x00000028   Data   RW         2318    .data               STemWin522_CM4_Keil.lib(gui__alpha.o)
    0x200001cc   0x00000008   Data   RW         2364    .data               STemWin522_CM4_Keil.lib(gui_alloc.o)
    0x200001d4   0x0000002c   Data   RW         2411    .data               STemWin522_CM4_Keil.lib(gui_core.o)
    0x20000200   0x00000004   Data   RW         2412    .data               STemWin522_CM4_Keil.lib(gui_core.o)
    0x20000204   0x00000004   Data   RW         2413    .data               STemWin522_CM4_Keil.lib(gui_core.o)
    0x20000208   0x00000004   Data   RW         2414    .data               STemWin522_CM4_Keil.lib(gui_core.o)
    0x2000020c   0x00000004   Data   RW         2415    .data               STemWin522_CM4_Keil.lib(gui_core.o)
    0x20000210   0x00000002   Data   RW         2416    .data               STemWin522_CM4_Keil.lib(gui_core.o)
    0x20000212   0x00000002   Data   RW         2417    .data               STemWin522_CM4_Keil.lib(gui_core.o)
    0x20000214   0x0000002c   Data   RW         2466    .data               STemWin522_CM4_Keil.lib(gui_multibuf.o)
    0x20000240   0x0000000c   Data   RW         2488    .data               STemWin522_CM4_Keil.lib(gui_onkey.o)
    0x2000024c   0x00000008   Data   RW         2506    .data               STemWin522_CM4_Keil.lib(gui_selectlayer.o)
    0x20000254   0x00000008   Data   RW         2530    .data               STemWin522_CM4_Keil.lib(guicc_m888.o)
    0x2000025c   0x00000004   Data   RW         2555    .data               STemWin522_CM4_Keil.lib(lcd.o)
    0x20000260   0x00000010   Data   RW         2581    .data               STemWin522_CM4_Keil.lib(lcd_color.o)
    0x20000270   0x0000003c   Data   RW         3016    .data               STemWin522_CM4_Keil.lib(button.o)
    0x200002ac   0x0000001c   Data   RW         3058    .data               STemWin522_CM4_Keil.lib(progbar.o)
    0x200002c8   0x00000058   Data   RW         3129    .data               STemWin522_CM4_Keil.lib(wm.o)
    0x20000320   0x00000001   Data   RW         3130    .data               STemWin522_CM4_Keil.lib(wm.o)
    0x20000321   0x00000003   PAD
    0x20000324   0x00000008   Data   RW         3209    .data               STemWin522_CM4_Keil.lib(gui__managecache.o)
    0x2000032c   0x00000008   Data   RW         3265    .data               STemWin522_CM4_Keil.lib(gui_pid.o)
    0x20000334   0x0000000c   Data   RW         3313    .data               STemWin522_CM4_Keil.lib(gui_waitevent.o)
    0x20000340   0x00000004   Data   RW         3515    .data               STemWin522_CM4_Keil.lib(guidev_banding.o)
    0x20000344   0x00000001   Data   RW         3529    .data               STemWin522_CM4_Keil.lib(guidev_staticdevices.o)
    0x20000345   0x00000003   PAD
    0x20000348   0x00000004   Data   RW         3585    .data               STemWin522_CM4_Keil.lib(widget.o)
    0x2000034c   0x00000004   Data   RW         3625    .data               STemWin522_CM4_Keil.lib(wm__sendmessage.o)
    0x20000350   0x00000008   Data   RW         3671    .data               STemWin522_CM4_Keil.lib(wm_touch.o)
    0x20000358   0x00000004   Data   RW         3726    .data               STemWin522_CM4_Keil.lib(gui_charline.o)
    0x2000035c   0x00000020   Data   RW         3839    .data               STemWin522_CM4_Keil.lib(gui_setalpha.o)
    0x2000037c   0x00000014   Data   RW         3899    .data               STemWin522_CM4_Keil.lib(gui_timer.o)
    0x20000390   0x00000014   Data   RW         4145    .data               STemWin522_CM4_Keil.lib(widget_effect_3d.o)
    0x200003a4   0x00000004   Data   RW         4358    .data               STemWin522_CM4_Keil.lib(lcd_aa.o)
    0x200003a8   0x00000004   Data   RW         4492    .data               mc_w.l(mvars.o)
    0x200003ac   0x00000004   Data   RW         4493    .data               mc_w.l(mvars.o)
    0x200003b0   0x00000018   Zero   RW          976    .bss                tm_stm32f4_delay.o
    0x200003c8   0x00000016   Zero   RW         1055    .bss                tm_stm32f4_gpio.o
    0x200003de   0x00000002   PAD
    0x200003e0   0x0000000c   Zero   RW         1108    .bss                tm_stm32f4_emwin.o
    0x200003ec   0x00000010   Zero   RW         1249    .bss                tm_stm32f4_ili9341_ltdc.o
    0x200003fc   0x00019078   Zero   RW         1361    .bss                guiconf.o
    0x20019474   0x00002d00   Zero   RW         1472    .bss                guidrv_stm32f429i_discovery.o
    0x2001c174   0x00000044   Zero   RW         1532    .bss                tm_stm32f4_dma2d_graphic.o
    0x2001c1b8   0x00000c40   Zero   RW         1559    .bss                main.o
    0x2001cdf8   0x00000010   Zero   RW         1753    .bss                cpu_core.o
    0x2001ce08   0x00000c14   Zero   RW         1831    .bss                lib_mem.o
    0x2001da1c   0x00000d80   Zero   RW         1901    .bss                os_cfg_app.o
    0x2001e79c   0x0000063c   Zero   RW         2113    .bss                os_var.o
    0x2001edd8   0x0000016c   Zero   RW         2173    .bss                bsp_int.o
    0x2001ef44   0x000000c8   Zero   RW         2363    .bss                STemWin522_CM4_Keil.lib(gui_alloc.o)
    0x2001f00c   0x00000078   Zero   RW         2409    .bss                STemWin522_CM4_Keil.lib(gui_core.o)
    0x2001f084   0x00000058   Zero   RW         2487    .bss                STemWin522_CM4_Keil.lib(gui_onkey.o)
    0x2001f0dc   0x0000000c   Zero   RW         2521    .bss                STemWin522_CM4_Keil.lib(gui_touch.o)
    0x2001f0e8   0x00000018   Zero   RW         3128    .bss                STemWin522_CM4_Keil.lib(wm.o)
    0x2001f100   0x00000048   Zero   RW         3264    .bss                STemWin522_CM4_Keil.lib(gui_pid.o)
    0x2001f148   0x00000048   Zero   RW         3670    .bss                STemWin522_CM4_Keil.lib(wm_touch.o)
    0x2001f190   0x00000028   Zero   RW         3749    .bss                STemWin522_CM4_Keil.lib(gui_curs1.o)
    0x2001f1b8   0x00000018   Zero   RW         4201    .bss                STemWin522_CM4_Keil.lib(wm_pid__getprevstate.o)
    0x2001f1d0   0x00000200   Zero   RW            2    HEAP                startup_stm32f429_439xx.o
    0x2001f3d0   0x00000400   Zero   RW            1    STACK               startup_stm32f429_439xx.o



  Load Region LR$$.ARM.__AT_0xD0100000 (Base: 0xd0100000, Size: 0x00000000, Max: 0x00400000, ABSOLUTE)

    Execution Region ER$$.ARM.__AT_0xD0100000 (Base: 0xd0100000, Size: 0x00400000, Max: 0x00400000, ABSOLUTE, UNINIT)

    Base Addr    Size         Type   Attr      Idx    E Section Name        Object

    0xd0100000   0x00400000   Zero   RW         1360    .ARM.__AT_0xD0100000  guiconf.o


==============================================================================

Image component sizes


      Code (inc. data)   RO Data    RW Data    ZI Data      Debug   Object Name

      1052         68          0          0          0       2668   bsp.o
      1152          8          0          0        364      15029   bsp_int.o
      1264        274          0          0          0       1486   bsp_periph.o
        52          0          0          0          0        352   cpu_a.o
      1908        104          0          0          0      12814   cpu_c.o
       680         14        260          4         16       7087   cpu_core.o
       336         56          0          5    4296824      88933   guiconf.o
      3896        310          8         64      11520      45006   guidrv_stm32f429i_discovery.o
       598          0          0          0          0       3992   lib_ascii.o
      2800         90          0          4       3092      26036   lib_mem.o
       544          0          0          0          0        500   lib_mem_a.o
      2344          4        148          0          0      13966   lib_str.o
       988        184          0          0       3136       6231   main.o
         0          0          0          0          0     313668   misc.o
         2          0        148          0       3456      19323   os_cfg_app.o
      2952        214          0          0          0      11109   os_core.o
       268         14          0          0          0        444   os_cpu_a.o
      1168        168          0          4          0      22547   os_cpu_c.o
       424        278        364          0          0       4809   os_dbg.o
      2708         70          0          0          0       7863   os_flag.o
       488         12          0          0          0       2920   os_mem.o
       552         14          0          0          0       2798   os_msg.o
      1968         58          0          0          0       6781   os_mutex.o
       124          4          0          8          0       1980   os_prio.o
      1652         46          0          0          0       6356   os_q.o
      1672         48          0          0          0       6416   os_sem.o
      1448        150          0          0          0       2869   os_stat.o
      4848        158          0          0          0      13564   os_task.o
      1116         60          0          0          0       3976   os_tick.o
      1032         42          0          0          0       3213   os_time.o
      1640        142          0          0          0       6255   os_tmr.o
         0          0          0        196       1596      17904   os_var.o
        36          8        428          0       1536       1044   startup_stm32f429_439xx.o
       948         12          0          0          0       5259   stm32f4xx_dma2d.o
      2480         44         28          0          0       8418   stm32f4xx_fmc.o
       660         44          0          0          0       4465   stm32f4xx_gpio.o
      1110         26          0          0          0       8987   stm32f4xx_i2c.o
        34          0          0          0          0       1480   stm32f4xx_it.o
      1672         18          0          0          0       8216   stm32f4xx_ltdc.o
      1632         54          0         16          0      13520   stm32f4xx_rcc.o
      1152         36          0          0          0       7221   stm32f4xx_spi.o
       580         46          0         20          0       1887   system_stm32f4xx.o
       596         36          0         17         24      33374   tm_stm32f4_delay.o
       148         12          0          1          0       3834   tm_stm32f4_disco.o
      4356         40          0          0         68      12535   tm_stm32f4_dma2d_graphic.o
       280         26          0         18         12      57430   tm_stm32f4_emwin.o
       768         10          0          0         22       5704   tm_stm32f4_gpio.o
      1452         50          0         16          0       7078   tm_stm32f4_i2c.o
      4448        100          0          4         16      17713   tm_stm32f4_ili9341_ltdc.o
       600         40          0          1          0       1760   tm_stm32f4_sdram.o
      1968         84          0          0          0       7115   tm_stm32f4_spi.o
       872         14          0          0          0       5278   tm_stm32f4_stmpe811.o

    ----------------------------------------------------------------------
     67476       3290       1416        388    4321684     891213   Object Totals
         0          0         32          0          0          0   (incl. Generated)
         8          0          0         10          2          0   (incl. Padding)

    ----------------------------------------------------------------------

      Code (inc. data)   RO Data    RW Data    ZI Data      Debug   Library Member Name

       646         16          0         60          0       1208   button.o
        40          0          0          0          0        132   button_color.o
       336          0         12          0          0        252   button_skinclassic.o
         0          0       2155          0          0          0   f13_1.o
         0          0       2046          0          0          0   f13_ascii.o
         0          0       2342          0          0          0   f13hb_ascii.o
         0          0       1816          0          0          0   f6x8.o
         0          0       2256          0          0          0   f8x15b_ascii.o
         0          0       3120          0          0          0   f8x16.o
       124          4          0          0          0        132   gui_2dlib.o
       866         52          0         40          0       1144   gui__alpha.o
       668          0          0          0          0        256   gui__compactpixelindices.o
         0          0         16          0          0          0   gui__divtbl_15_255.o
         0          0        256          0          0          0   gui__divtbl_255_15.o
         0          0        256          0          0          0   gui__divtbl_255_31.o
         0          0        256          0          0          0   gui__divtbl_255_63.o
         0          0         32          0          0          0   gui__divtbl_31_255.o
         0          0         64          0          0          0   gui__divtbl_63_255.o
       320          0          0          0          0        156   gui__expandpixelindices.o
        20          4          0          0          0        116   gui__getfontsizey.o
        26          0          0          0          0        128   gui__getnumchars.o
        24          0          0          0          0        116   gui__handleeoline.o
        58          0          0          0          0        116   gui__intersectrect.o
        82          0          0          0          0        128   gui__intersectrects.o
       188          8          0          8          0        248   gui__managecache.o
        76          0          0          0          0        124   gui__memset.o
        58          0          0          0          0        124   gui__memset16.o
        26          0          0          0          0        116   gui__reducerect.o
       108          0          0          0          0        136   gui__settext.o
        68          4          0          0          0        244   gui__strcmp.o
        20          0          0          0          0        116   gui__strlen.o
        26          0          0          0          0        136   gui_adddecmin.o
       196         16         40          0          0        256   gui_adddecshift.o
      1810        102          0          8        200       3124   gui_alloc.o
        36          0          0          0          0        128   gui_alloc_alloczero.o
        68          0          0          0          0        124   gui_calccolordist.o
        96         22          0          0          0        464   gui_char.o
       458         36          0          4          0        760   gui_charline.o
       394         12          0          0          0        492   gui_charm.o
       312         12          0          0          0        624   gui_charp.o
       460         78          8         64        120       1004   gui_core.o
       112          6          0          0         40        140   gui_curs1.o
       340         22          0          0          0        852   gui_device.o
       256          4          0          0          0        136   gui_dispstring.o
       400          4          0          0          0        392   gui_dispstringinrect.o
        44          0          0          0          0        136   gui_draw.o
       164          4          0          0          0        124   gui_drawfocusrect.o
        76          6          0          0          0        132   gui_drawhline.o
        64          4          0          0          0        128   gui_drawvline.o
        52          4          0          0          0        248   gui_exec.o
       160          0          0          0          0        248   gui_getbitmappixelindex.o
        10          0          0          0          0        116   gui_getclientrect.o
        28          0          0          0          0        256   gui_getcolor.o
        12          4          0          0          0        116   gui_getdrawmode.o
         4          0          0          0          0        116   gui_getfontsizey.o
        32         10          0          0          0        232   gui_getorg.o
        20          0          0          0          0        128   gui_getstringdistx.o
        52         12          0          0          0        360   gui_goto.o
        88          0          0          0          0        124   gui_mergerect.o
        30          0          0          0          0        116   gui_moverect.o
        44          6          0         44          0        116   gui_multibuf.o
       110         20          0         12         88        592   gui_onkey.o
        16          4          0          0          0        116   gui_pen.o
       256         36          0          8         72        732   gui_pid.o
        78          0          0          0          0        128   gui_realloc.o
        56          0          0          0          0        116   gui_rectsintersect.o
        32         10          0          0          0        232   gui_savecontext.o
        82         12          0          8          0        488   gui_selectlayer.o
        18          0          0          0          0        128   gui_selectlcd.o
        36          4          0         32          0        124   gui_setalpha.o
         8          0          0          0          0        232   gui_setcolor.o
        64          6          0          0          0        128   gui_setdefault.o
         4          0          0          0          0        116   gui_setdrawmode.o
        20          6          0          0          0        116   gui_setfont.o
        16          4          0          0          0        116   gui_setlinestyle.o
        56         18          0          0          0        128   gui_setorg.o
        20          6          0          0          0        116   gui_settextalign.o
        20          6          0          0          0        116   gui_settextmode.o
      1172          4          0          0          0        936   gui_sprite.o
        42          0          0          0          0        128   gui_time.o
       332         16          0         20          0        772   gui_timer.o
        40          4          0          0         12        132   gui_touch.o
        84         10          0          0          0        264   gui_uc.o
        18          0         16          0          0        464   gui_uc_encodenone.o
        16          4          0         12          0        116   gui_waitevent.o
       198          0         24          0          0        388   guicc_0.o
       172          0         24          0          0        376   guicc_16.o
       228         36         24          0          0        636   guicc_1616i.o
       186          0         24          0          0        356   guicc_8666.o
       202         18         24          0          0        636   guicc_88666i.o
        36          0         24          0          0        480   guicc_8888.o
         2          0          0          0          0        116   guicc_8888_index2color.o
         2          0          0          0          0        116   guicc_888_index2color.o
       306         32         24          8          0        768   guicc_m1555i.o
       304         20         24          8          0        768   guicc_m4444i.o
       226         40         24          8          0        644   guicc_m565.o
        44         10          0          0          0        124   guicc_m565_index2color.o
       142         16         24          8          0        636   guicc_m888.o
       218         12         24          8          0        768   guicc_m8888i.o
        20          0          0          0          0        116   guicc_m888_index2color.o
       760         38          0          0          0       1060   guidev.o
      2268         60        116          0          0       2092   guidev_16.o
      2320         62        116          0          0       2244   guidev_32.o
       300         10          0          4          0        260   guidev_banding.o
        60          6          0          0          0        124   guidev_clear.o
        22          0          0          0          0        128   guidev_getdataptr.o
        40          6          0          0          0        128   guidev_getysize.o
        44          4          0          0          0        128   guidev_reduceysize.o
        88          4          0          0          0        128   guidev_setorg.o
       308         12          0          1          0        272   guidev_staticdevices.o
        76          0          0          0          0        260   guidev_usage.o
       452          6         24          0          0        748   guidev_usagebm.o
       106          4          0          0          0        244   guidev_write.o
       280         14          0          0          0        144   guidev_writetoactivealpha.o
      1698         18          8          0          0        576   guidev_writetoactiveopaque.o
      2972        180         52          0          0       4456   guidrv_lin_16.o
      1734        118         12          4          0       2292   lcd.o
        16          6          0          4          0        116   lcd_aa.o
       264         26          0         16          0        744   lcd_color.o
        32         12          0          0          0        232   lcd_getcolorindex.o
       426         38          0          0          0       2716   lcd_getex.o
        26          0          0          0          0        128   lcd_getnumdisplays.o
         0          0        256          0          0          0   lcd_mirror.o
       504         18          0          0          0        276   lcd_readrect.o
        68         10          0          0          0        128   lcd_selectlcd.o
       304          0          0          0          0        920   lcd_set.o
        48         10          0          0          0        128   lcd_setcliprectex.o
        36          4          0          0          0        128   lcd_updatecolorindices.o
       866         12          0         28          0       1040   progbar.o
        30          0          0          0          0        128   progbar_setfont.o
       164          0          0          0          0        136   progbar_settext.o
       326          0         12          0          0        392   progbar_skinclassic.o
       606          4          0          4          0       1152   widget.o
       284          8         28         20          0        532   widget_effect_3d.o
        10          0         28          0          0        580   widget_effect_none.o
        22          0          0          0          0        124   widget_seteffect.o
      4588        226          0         89         24       6680   wm.o
        44          0          0          0          0        128   wm__foreachdesc.o
        18          0          0          0          0        124   wm__getfirstsibling.o
        36          0          0          0          0        128   wm__getprevsibling.o
        34          0          0          0          0        128   wm__isancestor.o
        22          0          0          0          0        124   wm__isenabled.o
        20          0          0          0          0        116   wm__screen2client.o
        60          6          0          4          0        136   wm__sendmessage.o
        28          0          0          0          0        140   wm__sendmessageifenabled.o
        38          0          0          0          0        128   wm__sendmessagenopara.o
       220          0          0          0          0        144   wm__updatechildpositions.o
       126          0          0          0          0        140   wm_bringtobottom.o
       120          6          0          0          0        360   wm_bringtotop.o
        60         12          0          0          0        232   wm_criticalhandle.o
         4          0          0          0          0        116   wm_foreachdesc.o
        64         10          0          0          0        360   wm_getclientrect.o
        24         10          0          0          0        116   wm_getdesktopwindow.o
        20          4          0          0          0        116   wm_getdesktopwindowex.o
        14          0          0          0          0        124   wm_getfirstchild.o
        14          0          0          0          0        124   wm_getparent.o
         4          0          0          0          0        116   wm_iswindow.o
       266          0          0          0          0        396   wm_move.o
        16          0          0          0          0        124   wm_notifyparent.o
        56          8          0          0          0        132   wm_onkey.o
        28          4          0          0         24        116   wm_pid__getprevstate.o
       238          0          0          0          0        136   wm_resizewindow.o
       184          6          0          0          0        504   wm_screen2win.o
         4          0          0          0          0        116   wm_sendmessagenopara.o
        30          0          0          0          0        140   wm_sendtoparent.o
        48          8          0          0          0        244   wm_setcapture.o
       156          8          0          0          0        136   wm_setfocus.o
        62          0          0          0          0        132   wm_setsize.o
        24          6          0          0          0        124   wm_setusercliprect.o
       106          0          0          0          0        260   wm_timer.o
      1056         38          0          8         72        532   wm_touch.o
        86          0          0          0          0          0   __dczerorl2.o
         0          0          0          0          0          0   entry.o
         0          0          0          0          0          0   entry10a.o
         0          0          0          0          0          0   entry11a.o
         8          4          0          0          0          0   entry2.o
         4          0          0          0          0          0   entry5.o
         0          0          0          0          0          0   entry7b.o
         0          0          0          0          0          0   entry8b.o
         8          4          0          0          0          0   entry9a.o
        30          0          0          0          0          0   handlers.o
        36          8          0          0          0         68   init.o
        30          0          0          0          0         68   llshl.o
        32          0          0          0          0         68   llushr.o
       188         20          0          0          0        160   malloc.o
        26          0          0          0          0         80   memcmp.o
        64          0          0          0          0         76   memmovea.o
        36          0          0          0          0        108   memseta.o
         0          0          0          8          0          0   mvars.o
        18          0          0          0          0         68   strcpy.o
        98          0          0          0          0         92   uldiv.o

    ----------------------------------------------------------------------
     40644       1884      15612        556        652      68328   Library Totals
       108          0          5          6          0          0   (incl. Padding)

    ----------------------------------------------------------------------

      Code (inc. data)   RO Data    RW Data    ZI Data      Debug   Library Name

     39872       1848      15607        542        652      67540   STemWin522_CM4_Keil.lib
       664         36          0          8          0        788   mc_w.l

    ----------------------------------------------------------------------
     40644       1884      15612        556        652      68328   Library Totals

    ----------------------------------------------------------------------

==============================================================================


      Code (inc. data)   RO Data    RW Data    ZI Data      Debug   

    108120       5174      17028        944    4322336     894461   Grand Totals
    108120       5174      17028        160    4322336     894461   ELF Image Totals (compressed)
    108120       5174      17028        160          0          0   ROM Totals

==============================================================================

    Total RO  Size (Code + RO Data)               125148 ( 122.21kB)
    Total RW  Size (RW Data + ZI Data)           4323280 (4221.95kB)
    Total ROM Size (Code + RO Data + RW Data)     125308 ( 122.37kB)

==============================================================================

